Archive member included to satisfy reference by file (symbol)

c:/nxp/mcuxpressoide_10.0.0_344/ide/tools/bin/../lib/gcc/arm-none-eabi/5.4.1/../../../../arm-none-eabi/lib/armv6-m\libcr_semihost_nf.a(_cr__main.o)
                              ./startup/startup_mkl25z4.o (__main)
c:/nxp/mcuxpressoide_10.0.0_344/ide/tools/bin/../lib/gcc/arm-none-eabi/5.4.1/../../../../arm-none-eabi/lib/armv6-m\libcr_semihost_nf.a(_cr_assert.o)
                              ./source/tasks/task_charger.o (__assertion_failed)
c:/nxp/mcuxpressoide_10.0.0_344/ide/tools/bin/../lib/gcc/arm-none-eabi/5.4.1/../../../../arm-none-eabi/lib/armv6-m\libcr_semihost_nf.a(__ciob.o)
                              c:/nxp/mcuxpressoide_10.0.0_344/ide/tools/bin/../lib/gcc/arm-none-eabi/5.4.1/../../../../arm-none-eabi/lib/armv6-m\libcr_semihost_nf.a(_cr_assert.o) (__Ciob)
c:/nxp/mcuxpressoide_10.0.0_344/ide/tools/bin/../lib/gcc/arm-none-eabi/5.4.1/../../../../arm-none-eabi/lib/armv6-m\libcr_semihost_nf.a(__sys_appexit.o)
                              c:/nxp/mcuxpressoide_10.0.0_344/ide/tools/bin/../lib/gcc/arm-none-eabi/5.4.1/../../../../arm-none-eabi/lib/armv6-m\libcr_semihost_nf.a(_cr_assert.o) (__sys_appexit)
c:/nxp/mcuxpressoide_10.0.0_344/ide/tools/bin/../lib/gcc/arm-none-eabi/5.4.1/../../../../arm-none-eabi/lib/armv6-m\libcr_c.a(memcpy.o)
                              ./source/tasks/task_charger.o (memcpy)
c:/nxp/mcuxpressoide_10.0.0_344/ide/tools/bin/../lib/gcc/arm-none-eabi/5.4.1/../../../../arm-none-eabi/lib/armv6-m\libcr_c.a(memset.o)
                              ./source/tasks/task_magnetometer.o (memset)
c:/nxp/mcuxpressoide_10.0.0_344/ide/tools/bin/../lib/gcc/arm-none-eabi/5.4.1/../../../../arm-none-eabi/lib/armv6-m\libcr_c.a(_deferredlazyseek.o)
                              c:/nxp/mcuxpressoide_10.0.0_344/ide/tools/bin/../lib/gcc/arm-none-eabi/5.4.1/../../../../arm-none-eabi/lib/armv6-m\libcr_semihost_nf.a(_cr_assert.o) (__flsbuf)
c:/nxp/mcuxpressoide_10.0.0_344/ide/tools/bin/../lib/gcc/arm-none-eabi/5.4.1/../../../../arm-none-eabi/lib/armv6-m\libcr_c.a(_fflush.o)
                              c:/nxp/mcuxpressoide_10.0.0_344/ide/tools/bin/../lib/gcc/arm-none-eabi/5.4.1/../../../../arm-none-eabi/lib/armv6-m\libcr_c.a(_deferredlazyseek.o) (_fflush)
c:/nxp/mcuxpressoide_10.0.0_344/ide/tools/bin/../lib/gcc/arm-none-eabi/5.4.1/../../../../arm-none-eabi/lib/armv6-m\libcr_c.a(_writebuf.o)
                              c:/nxp/mcuxpressoide_10.0.0_344/ide/tools/bin/../lib/gcc/arm-none-eabi/5.4.1/../../../../arm-none-eabi/lib/armv6-m\libcr_c.a(_deferredlazyseek.o) (_Cwritebuf)
c:/nxp/mcuxpressoide_10.0.0_344/ide/tools/bin/../lib/gcc/arm-none-eabi/5.4.1/../../../../arm-none-eabi/lib/armv6-m\libcr_c.a(alloc.o)
                              c:/nxp/mcuxpressoide_10.0.0_344/ide/tools/bin/../lib/gcc/arm-none-eabi/5.4.1/../../../../arm-none-eabi/lib/armv6-m\libcr_c.a(_deferredlazyseek.o) (_Csys_alloc)
c:/nxp/mcuxpressoide_10.0.0_344/ide/tools/bin/../lib/gcc/arm-none-eabi/5.4.1/../../../../arm-none-eabi/lib/armv6-m\libcr_c.a(fputs.o)
                              c:/nxp/mcuxpressoide_10.0.0_344/ide/tools/bin/../lib/gcc/arm-none-eabi/5.4.1/../../../../arm-none-eabi/lib/armv6-m\libcr_semihost_nf.a(_cr_assert.o) (fputs)
c:/nxp/mcuxpressoide_10.0.0_344/ide/tools/bin/../lib/gcc/arm-none-eabi/5.4.1/../../../../arm-none-eabi/lib/armv6-m\libcr_c.a(fseek.o)
                              c:/nxp/mcuxpressoide_10.0.0_344/ide/tools/bin/../lib/gcc/arm-none-eabi/5.4.1/../../../../arm-none-eabi/lib/armv6-m\libcr_c.a(_deferredlazyseek.o) (fseek)
c:/nxp/mcuxpressoide_10.0.0_344/ide/tools/bin/../lib/gcc/arm-none-eabi/5.4.1/../../../../arm-none-eabi/lib/armv6-m\libcr_c.a(ftell.o)
                              c:/nxp/mcuxpressoide_10.0.0_344/ide/tools/bin/../lib/gcc/arm-none-eabi/5.4.1/../../../../arm-none-eabi/lib/armv6-m\libcr_c.a(fseek.o) (ftell)
c:/nxp/mcuxpressoide_10.0.0_344/ide/tools/bin/../lib/gcc/arm-none-eabi/5.4.1/../../../../arm-none-eabi/lib/armv6-m\libcr_c.a(initio.o)
                              c:/nxp/mcuxpressoide_10.0.0_344/ide/tools/bin/../lib/gcc/arm-none-eabi/5.4.1/../../../../arm-none-eabi/lib/armv6-m\libcr_semihost_nf.a(_cr__main.o) (_initio)
c:/nxp/mcuxpressoide_10.0.0_344/ide/tools/bin/../lib/gcc/arm-none-eabi/5.4.1/../../../../arm-none-eabi/lib/armv6-m\libcr_c.a(setvbuf.o)
                              c:/nxp/mcuxpressoide_10.0.0_344/ide/tools/bin/../lib/gcc/arm-none-eabi/5.4.1/../../../../arm-none-eabi/lib/armv6-m\libcr_c.a(initio.o) (setvbuf)
c:/nxp/mcuxpressoide_10.0.0_344/ide/tools/bin/../lib/gcc/arm-none-eabi/5.4.1/../../../../arm-none-eabi/lib/armv6-m\libcr_c.a(__init_alloc.o)
                              c:/nxp/mcuxpressoide_10.0.0_344/ide/tools/bin/../lib/gcc/arm-none-eabi/5.4.1/../../../../arm-none-eabi/lib/armv6-m\libcr_c.a(alloc.o) (__heaps)
c:/nxp/mcuxpressoide_10.0.0_344/ide/tools/bin/../lib/gcc/arm-none-eabi/5.4.1/../../../../arm-none-eabi/lib/armv6-m\libcr_c.a(_cr_sbrk.o)
[...]
Memory Configuration

Name             Origin             Length             Attributes
PROGRAM_FLASH    0x00000000         0x00020000         xr
SRAM             0x1ffff000         0x00004000         xrw
*default*        0x00000000         0xffffffff

Linker script and memory map

LOAD ./utilities/fsl_debug_console.o
LOAD ./startup/startup_mkl25z4.o
LOAD ./source/tasks/task_charger.o
LOAD ./source/tasks/task_heartbeat.o
LOAD ./source/tasks/task_magnetometer.o
LOAD ./source/freertos_hello.o
LOAD ./source/mtb.o
LOAD ./freertos/croutine.o
LOAD ./freertos/event_groups.o
LOAD ./freertos/fsl_tickless_lptmr.o
LOAD ./freertos/fsl_tickless_systick.o
LOAD ./freertos/heap_4.o
LOAD ./freertos/list.o
LOAD ./freertos/port.o
LOAD ./freertos/queue.o
LOAD ./freertos/tasks.o
LOAD ./freertos/timers.o
LOAD ./drivers/fsl_adc16.o
LOAD ./drivers/fsl_clock.o
LOAD ./drivers/fsl_cmp.o
LOAD ./drivers/fsl_common.o
LOAD ./drivers/fsl_cop.o
LOAD ./drivers/fsl_dac.o
LOAD ./drivers/fsl_dma.o
LOAD ./drivers/fsl_dmamux.o
LOAD ./drivers/fsl_flash.o
LOAD ./drivers/fsl_gpio.o
LOAD ./drivers/fsl_i2c.o
LOAD ./drivers/fsl_i2c_dma.o
LOAD ./drivers/fsl_i2c_freertos.o
LOAD ./drivers/fsl_llwu.o
LOAD ./drivers/fsl_lpsci.o
LOAD ./drivers/fsl_lpsci_dma.o
LOAD ./drivers/fsl_lpsci_freertos.o
LOAD ./drivers/fsl_lptmr.o
LOAD ./drivers/fsl_pit.o
LOAD ./drivers/fsl_pmc.o
LOAD ./drivers/fsl_rcm.o
LOAD ./drivers/fsl_rtc.o
LOAD ./drivers/fsl_sim.o
LOAD ./drivers/fsl_smc.o
LOAD ./drivers/fsl_spi.o
LOAD ./drivers/fsl_spi_dma.o
LOAD ./drivers/fsl_spi_freertos.o
LOAD ./drivers/fsl_tpm.o
LOAD ./drivers/fsl_tsi_v4.o
LOAD ./drivers/fsl_uart.o
LOAD ./drivers/fsl_uart_dma.o
LOAD ./drivers/fsl_uart_freertos.o
LOAD ./board/board.o
LOAD ./board/clock_config.o
LOAD ./board/pin_mux.o
LOAD ./CMSIS/system_MKL25Z4.o
START GROUP
LOAD c:/nxp/mcuxpressoide_10.0.0_344/ide/tools/bin/../lib/gcc/arm-none-eabi/5.4.1/../../../../arm-none-eabi/lib/armv6-m\libcr_semihost_nf.a
LOAD c:/nxp/mcuxpressoide_10.0.0_344/ide/tools/bin/../lib/gcc/arm-none-eabi/5.4.1/../../../../arm-none-eabi/lib/armv6-m\libcr_c.a
LOAD c:/nxp/mcuxpressoide_10.0.0_344/ide/tools/bin/../lib/gcc/arm-none-eabi/5.4.1/armv6-m\libcr_eabihelpers.a
END GROUP
                0x00000000                __base_PROGRAM_FLASH = 0x0
                0x00000000                __base_Flash = 0x0
                0x00020000                __top_PROGRAM_FLASH = 0x20000
                0x00020000                __top_Flash = 0x20000
                0x1ffff000                __base_SRAM = 0x1ffff000
                0x1ffff000                __base_RAM = 0x1ffff000
                0x20003000                __top_SRAM = 0x20003000
                0x20003000                __top_RAM = 0x20003000

.text           0x00000000     0x8030
 FILL mask 0xff
                0x00000000                __vectors_start__ = ABSOLUTE (.)
 *(.isr_vector)
 .isr_vector    0x00000000       0xc0 ./startup/startup_mkl25z4.o
                0x00000000                g_pfnVectors
                0x00000000                __Vectors
                0x000000c0                . = ALIGN (0x4)
                0x000000c0                __section_table_start = .
                0x000000c0                __data_section_table = .
                0x000000c0        0x4 LONG 0x8030 LOADADDR (.data)
                0x000000c4        0x4 LONG 0x1ffff080 ADDR (.data)
                0x000000c8        0x4 LONG 0x10 SIZEOF (.data)
                0x000000cc                __data_section_table_end = .
                0x000000cc                __bss_section_table = .
                0x000000cc        0x4 LONG 0x1ffff090 ADDR (.bss)
                0x000000d0        0x4 LONG 0x2aec SIZEOF (.bss)
                0x000000d4                __bss_section_table_end = .
                0x000000d4                __section_table_end = .
 *(.after_vectors*)
 .after_vectors.init_data
                0x000000d4       0x18 ./startup/startup_mkl25z4.o
                0x000000d4                data_init
 .after_vectors.init_bss
                0x000000ec       0x14 ./startup/startup_mkl25z4.o
                0x000000ec                bss_init
 .after_vectors.reset
                0x00000100       0x4c ./startup/startup_mkl25z4.o
                0x00000100                ResetISR
 .after_vectors
                0x0000014c      0x118 ./startup/startup_mkl25z4.o
                0x0000014c                NMI_Handler
                0x00000150                HardFault_Handler
                0x00000160                PORTD_DriverIRQHandler
                0x00000160                LPTMR0_DriverIRQHandler
                0x00000160                Reserved39_DriverIRQHandler
                0x00000160                PIT_DriverIRQHandler
                0x00000160                CMP0_DriverIRQHandler
                0x00000160                ADC0_DriverIRQHandler
                0x00000160                DAC0_DriverIRQHandler
                0x00000160                TPM2_DriverIRQHandler
                0x00000160                RTC_DriverIRQHandler
                0x00000160                TPM1_DriverIRQHandler
                0x00000160                TSI0_DriverIRQHandler
                0x00000160                RTC_Seconds_DriverIRQHandler
                0x00000160                PORTA_DriverIRQHandler
                0x00000160                Reserved45_DriverIRQHandler
                0x00000160                LLWU_DriverIRQHandler
                0x00000160                MCG_DriverIRQHandler
                0x00000160                Reserved20_DriverIRQHandler
                0x00000160                USB0_DriverIRQHandler
                0x00000160                TPM0_DriverIRQHandler
                0x00000160                FTFA_DriverIRQHandler
                0x00000160                IntDefaultHandler
                0x00000160                LVD_LVW_DriverIRQHandler
                0x00000164                DMA0_IRQHandler
                0x0000016c                DMA1_IRQHandler
                0x00000174                DMA2_IRQHandler
                0x0000017c                DMA3_IRQHandler
                0x00000184                Reserved20_IRQHandler
                0x0000018c                FTFA_IRQHandler
                0x00000194                LVD_LVW_IRQHandler
                0x0000019c                LLWU_IRQHandler
                0x000001a4                I2C0_IRQHandler
                0x000001ac                I2C1_IRQHandler
                0x000001b4                SPI0_IRQHandler
                0x000001bc                SPI1_IRQHandler
                0x000001c4                UART0_IRQHandler
                0x000001cc                UART1_IRQHandler
                0x000001d4                UART2_IRQHandler
                0x000001dc                ADC0_IRQHandler
                0x000001e4                CMP0_IRQHandler
                0x000001ec                TPM0_IRQHandler
                0x000001f4                TPM1_IRQHandler
                0x000001fc                TPM2_IRQHandler
                0x00000204                RTC_IRQHandler
                0x0000020c                RTC_Seconds_IRQHandler
                0x00000214                PIT_IRQHandler
                0x0000021c                Reserved39_IRQHandler
                0x00000224                USB0_IRQHandler
                0x0000022c                DAC0_IRQHandler
                0x00000234                TSI0_IRQHandler
                0x0000023c                MCG_IRQHandler
                0x00000244                LPTMR0_IRQHandler
                0x0000024c                Reserved45_IRQHandler
                0x00000254                PORTA_IRQHandler
                0x0000025c                PORTD_IRQHandler
                0x00000400                . = 0x400
 *fill*         0x00000264      0x19c ff
                0x00000400                PROVIDE (__FLASH_CONFIG_START__, .)
 *(.FlashConfig)
 .FlashConfig   0x00000400       0x10 ./startup/startup_mkl25z4.o
                0x00000400                Flash_Config
                0x00000410                PROVIDE (__FLASH_CONFIG_END__, .)
                0x00000001                ASSERT (! ((__FLASH_CONFIG_START__ == __FLASH_CONFIG_END__)), Linker Flash Config Support Enabled, but no .FlashConfig section provided within application)
 *(.text*)
 .text.UART_EnableTx
                0x00000410       0x40 ./utilities/fsl_debug_console.o
 .text.UART_EnableRx
                0x00000450       0x40 ./utilities/fsl_debug_console.o
 .text.LPSCI_EnableTx
                0x00000490       0x40 ./utilities/fsl_debug_console.o
 .text.LPSCI_EnableRx
                0x000004d0       0x40 ./utilities/fsl_debug_console.o
 .text.DbgConsole_Init
                0x00000510       0xf4 ./utilities/fsl_debug_console.o
                0x00000510                DbgConsole_Init
 .text.__sys_write
                0x00000604       0x58 ./utilities/fsl_debug_console.o
                0x00000604                __sys_write
 .text.CLOCK_EnableClock
                0x0000065c       0x38 ./source/tasks/task_charger.o
 .text.GPIO_SetPinsOutput
                0x00000694       0x18 ./source/tasks/task_charger.o
 .text.GPIO_ClearPinsOutput
                0x000006ac       0x18 ./source/tasks/task_charger.o
 .text.GPIO_TogglePinsOutput
                0x000006c4       0x18 ./source/tasks/task_charger.o
 .text.GPIO_ReadPinInput
                0x000006dc       0x20 ./source/tasks/task_charger.o
 .text.PORT_SetPinMux
                0x000006fc       0x40 ./source/tasks/task_charger.o
 .text.ADC16_EnableHardwareTrigger
                0x0000073c       0x3c ./source/tasks/task_charger.o
 .text.ADC16_GetChannelConversionValue
                0x00000778       0x30 ./source/tasks/task_charger.o
 .text.batteryCharger_task
                0x000007a8      0x12c ./source/tasks/task_charger.o
                0x000007a8                batteryCharger_task
 .text.init_leds
                0x000008d4       0xa8 ./source/tasks/task_charger.o
 .text.init_charger
                0x0000097c       0x6c ./source/tasks/task_charger.o
 .text.init_charging_status
                0x000009e8       0x74 ./source/tasks/task_charger.o
 .text.init_charge_sense_enable
                0x00000a5c       0xac ./source/tasks/task_charger.o
 .text.readPOKStatus
                0x00000b08       0x30 ./source/tasks/task_charger.o
                0x00000b08                readPOKStatus
 .text.readChargingStatus
                0x00000b38       0x30 ./source/tasks/task_charger.o
                0x00000b38                readChargingStatus
 .text.setChargingRate
                0x00000b68       0xa0 ./source/tasks/task_charger.o
 .text.CLOCK_EnableClock
                0x00000c08       0x38 ./source/tasks/task_heartbeat.o
 .text.GPIO_WritePinOutput
                0x00000c40       0x34 ./source/tasks/task_heartbeat.o
 .text.GPIO_TogglePinsOutput
                0x00000c74       0x18 ./source/tasks/task_heartbeat.o
 .text.PORT_SetPinMux
                0x00000c8c       0x40 ./source/tasks/task_heartbeat.o
 .text.init     0x00000ccc       0x28 ./source/tasks/task_heartbeat.o
 .text.heartbeat_task
                0x00000cf4       0x44 ./source/tasks/task_heartbeat.o
                0x00000cf4                heartbeat_task
 .text.CLOCK_EnableClock
                0x00000d38       0x38 ./source/tasks/task_magnetometer.o
 .text.GPIO_WritePinOutput
                0x00000d70       0x34 ./source/tasks/task_magnetometer.o
 .text.PORT_SetPinConfig
                0x00000da4       0x38 ./source/tasks/task_magnetometer.o
 .text.PORT_SetPinMux
                0x00000ddc       0x40 ./source/tasks/task_magnetometer.o
 .text.i2c_release_bus_delay
                0x00000e1c       0x10 ./source/tasks/task_magnetometer.o
 .text.BOARD_I2C_ReleaseBus
                0x00000e2c      0x124 ./source/tasks/task_magnetometer.o
                0x00000e2c                BOARD_I2C_ReleaseBus
 .text.i2c_master_callback
                0x00000f50       0x48 ./source/tasks/task_magnetometer.o
 .text.I2C_ReadAccelWhoAmI
                0x00000f98      0x1e8 ./source/tasks/task_magnetometer.o
 .text.I2C_WriteAccelReg
                0x00001180       0xd0 ./source/tasks/task_magnetometer.o
 .text.I2C_ReadAccelRegs
                0x00001250       0xd0 ./source/tasks/task_magnetometer.o
 .text.magnetometer_task
                0x00001320      0x220 ./source/tasks/task_magnetometer.o
                0x00001320                magnetometer_task
 .text.I2C_ConfigurePins
                0x00001540       0x8c ./source/tasks/task_magnetometer.o
 .text.main     0x000015cc       0x6c ./source/freertos_hello.o
                0x000015cc                main
 .text.prvSetupTimerInterrupt
                0x00001638       0x3c ./freertos/fsl_tickless_lptmr.o
                0x00001638                prvSetupTimerInterrupt
 .text.pvPortMalloc
                0x00001674      0x14c ./freertos/heap_4.o
                0x00001674                pvPortMalloc
 .text.vPortFree
                0x000017c0       0x90 ./freertos/heap_4.o
                0x000017c0                vPortFree
 .text.prvHeapInit
                0x00001850       0xc0 ./freertos/heap_4.o
 .text.prvInsertBlockIntoFreeList
                0x00001910       0xb0 ./freertos/heap_4.o
 .text.vListInitialise
                0x000019c0       0x3c ./freertos/list.o
                0x000019c0                vListInitialise
 .text.vListInitialiseItem
                0x000019fc       0x18 ./freertos/list.o
                0x000019fc                vListInitialiseItem
 .text.vListInsertEnd
                0x00001a14       0x44 ./freertos/list.o
                0x00001a14                vListInsertEnd
 .text.vListInsert
                0x00001a58       0x6c ./freertos/list.o
                0x00001a58                vListInsert
 .text.uxListRemove
                0x00001ac4       0x50 ./freertos/list.o
                0x00001ac4                uxListRemove
 .text.pxPortInitialiseStack
                0x00001b14       0x54 ./freertos/port.o
                0x00001b14                pxPortInitialiseStack
 .text.prvTaskExitError
                0x00001b68       0x18 ./freertos/port.o
 .text.SVC_Handler
                0x00001b80        0xc ./freertos/port.o
                0x00001b80                SVC_Handler
 *fill*         0x00001b8c        0x4 ff
 .text.vPortStartFirstTask
                0x00001b90       0x38 ./freertos/port.o
 .text.xPortStartScheduler
                0x00001bc8       0x44 ./freertos/port.o
                0x00001bc8                xPortStartScheduler
 .text.vPortYield
                0x00001c0c       0x20 ./freertos/port.o
                0x00001c0c                vPortYield
 .text.vPortEnterCritical
                0x00001c2c       0x24 ./freertos/port.o
                0x00001c2c                vPortEnterCritical
 .text.vPortExitCritical
                0x00001c50       0x30 ./freertos/port.o
                0x00001c50                vPortExitCritical
 .text.ulSetInterruptMaskFromISR
                0x00001c80        0xc ./freertos/port.o
                0x00001c80                ulSetInterruptMaskFromISR
 .text.vClearInterruptMaskFromISR
                0x00001c8c        0x8 ./freertos/port.o
                0x00001c8c                vClearInterruptMaskFromISR
 *fill*         0x00001c94        0xc ff
 .text.PendSV_Handler
                0x00001ca0       0x48 ./freertos/port.o
                0x00001ca0                PendSV_Handler
 .text.SysTick_Handler
                0x00001ce8       0x34 ./freertos/port.o
                0x00001ce8                SysTick_Handler
 .text.xQueueGenericReset
                0x00001d1c       0xa8 ./freertos/queue.o
                0x00001d1c                xQueueGenericReset
 .text.xQueueGenericCreate
                0x00001dc4       0x64 ./freertos/queue.o
                0x00001dc4                xQueueGenericCreate
 .text.prvInitialiseNewQueue
                0x00001e28       0x50 ./freertos/queue.o
 .text.xQueueGenericSend
                0x00001e78      0x188 ./freertos/queue.o
                0x00001e78                xQueueGenericSend
 .text.xQueueGenericSendFromISR
                0x00002000       0xe4 ./freertos/queue.o
                0x00002000                xQueueGenericSendFromISR
 .text.xQueueGenericReceive
                0x000020e4      0x1c8 ./freertos/queue.o
                0x000020e4                xQueueGenericReceive
 .text.prvCopyDataToQueue
                0x000022ac       0xd8 ./freertos/queue.o
 .text.prvCopyDataFromQueue
                0x00002384       0x4c ./freertos/queue.o
 .text.prvUnlockQueue
                0x000023d0       0xc0 ./freertos/queue.o
 .text.prvIsQueueEmpty
                0x00002490       0x2c ./freertos/queue.o
 .text.prvIsQueueFull
                0x000024bc       0x30 ./freertos/queue.o
 .text.vQueueAddToRegistry
                0x000024ec       0x50 ./freertos/queue.o
                0x000024ec                vQueueAddToRegistry
 .text.vQueueWaitForMessageRestricted
                0x0000253c       0x68 ./freertos/queue.o
                0x0000253c                vQueueWaitForMessageRestricted
 .text.xTaskCreate
                0x000025a4       0x90 ./freertos/tasks.o
                0x000025a4                xTaskCreate
 .text.prvInitialiseNewTask
                0x00002634      0x12c ./freertos/tasks.o
 .text.prvAddNewTaskToReadyList
                0x00002760       0xd0 ./freertos/tasks.o
 .text.vTaskDelay
                0x00002830       0x4c ./freertos/tasks.o
                0x00002830                vTaskDelay
 .text.vTaskStartScheduler
                0x0000287c       0x78 ./freertos/tasks.o
                0x0000287c                vTaskStartScheduler
 .text.vTaskSuspendAll
                0x000028f4       0x18 ./freertos/tasks.o
                0x000028f4                vTaskSuspendAll
 .text.xTaskResumeAll
                0x0000290c      0x118 ./freertos/tasks.o
                0x0000290c                xTaskResumeAll
 .text.xTaskGetTickCount
                0x00002a24       0x1c ./freertos/tasks.o
                0x00002a24                xTaskGetTickCount
 .text.xTaskIncrementTick
                0x00002a40      0x14c ./freertos/tasks.o
                0x00002a40                xTaskIncrementTick
 .text.vTaskSwitchContext
                0x00002b8c       0xa4 ./freertos/tasks.o
                0x00002b8c                vTaskSwitchContext
 .text.vTaskPlaceOnEventList
                0x00002c30       0x3c ./freertos/tasks.o
                0x00002c30                vTaskPlaceOnEventList
 .text.vTaskPlaceOnEventListRestricted
                0x00002c6c       0x4c ./freertos/tasks.o
                0x00002c6c                vTaskPlaceOnEventListRestricted
 .text.xTaskRemoveFromEventList
                0x00002cb8       0xb8 ./freertos/tasks.o
                0x00002cb8                xTaskRemoveFromEventList
 .text.vTaskSetTimeOutState
                0x00002d70       0x34 ./freertos/tasks.o
                0x00002d70                vTaskSetTimeOutState
 .text.xTaskCheckForTimeOut
                0x00002da4       0x9c ./freertos/tasks.o
                0x00002da4                xTaskCheckForTimeOut
 .text.vTaskMissedYield
                0x00002e40       0x14 ./freertos/tasks.o
                0x00002e40                vTaskMissedYield
 .text.prvIdleTask
                0x00002e54       0x20 ./freertos/tasks.o
 .text.prvInitialiseTaskLists
                0x00002e74       0x88 ./freertos/tasks.o
 .text.prvCheckTasksWaitingTermination
                0x00002efc       0x74 ./freertos/tasks.o
 .text.prvDeleteTCB
                0x00002f70       0x24 ./freertos/tasks.o
 .text.prvResetNextTaskUnblockTime
                0x00002f94       0x48 ./freertos/tasks.o
 .text.xTaskGetSchedulerState
                0x00002fdc       0x38 ./freertos/tasks.o
                0x00002fdc                xTaskGetSchedulerState
 .text.vTaskPriorityInherit
                0x00003014       0xbc ./freertos/tasks.o
                0x00003014                vTaskPriorityInherit
 .text.xTaskPriorityDisinherit
                0x000030d0       0xb8 ./freertos/tasks.o
                0x000030d0                xTaskPriorityDisinherit
 .text.pvTaskIncrementMutexHeldCount
                0x00003188       0x24 ./freertos/tasks.o
                0x00003188                pvTaskIncrementMutexHeldCount
 .text.prvAddCurrentTaskToDelayedList
                0x000031ac       0xa8 ./freertos/tasks.o
 .text.xTimerCreateTimerTask
                0x00003254       0x54 ./freertos/timers.o
                0x00003254                xTimerCreateTimerTask
 .text.xTimerGenericCommand
                0x000032a8       0x9c ./freertos/timers.o
                0x000032a8                xTimerGenericCommand
 .text.prvProcessExpiredTimer
                0x00003344       0x70 ./freertos/timers.o
 .text.prvTimerTask
                0x000033b4       0x28 ./freertos/timers.o
 .text.prvProcessTimerOrBlockTask
                0x000033dc       0x8c ./freertos/timers.o
 .text.prvGetNextExpireTime
                0x00003468       0x40 ./freertos/timers.o
 .text.prvSampleTimeNow
                0x000034a8       0x40 ./freertos/timers.o
 .text.prvInsertTimerInActiveList
                0x000034e8       0x84 ./freertos/timers.o
 .text.prvProcessReceivedCommands
                0x0000356c      0x12c ./freertos/timers.o
 .text.prvSwitchTimerLists
                0x00003698       0xb4 ./freertos/timers.o
 .text.prvCheckForValidListAndQueue
                0x0000374c       0x74 ./freertos/timers.o
 .text.CLOCK_EnableClock
                0x000037c0       0x38 ./drivers/fsl_adc16.o
 .text.ADC16_GetInstance
                0x000037f8       0x48 ./drivers/fsl_adc16.o
 .text.ADC16_Init
                0x00003840      0x114 ./drivers/fsl_adc16.o
                0x00003840                ADC16_Init
 .text.ADC16_GetDefaultConfig
                0x00003954       0x58 ./drivers/fsl_adc16.o
                0x00003954                ADC16_GetDefaultConfig
 .text.ADC16_SetChannelConfig
                0x000039ac       0x6c ./drivers/fsl_adc16.o
                0x000039ac                ADC16_SetChannelConfig
 .text.ADC16_GetChannelStatusFlags
                0x00003a18       0x40 ./drivers/fsl_adc16.o
                0x00003a18                ADC16_GetChannelStatusFlags
 .text.CLOCK_SetEr32kClock
                0x00003a58       0x30 ./drivers/fsl_clock.o
 .text.CLOCK_SetPllFllSelClock
                0x00003a88       0x38 ./drivers/fsl_clock.o
 .text.OSC_SetExtRefClkConfig
                0x00003ac0       0x48 ./drivers/fsl_clock.o
 .text.OSC_SetCapLoad
                0x00003b08       0x4c ./drivers/fsl_clock.o
 .text.CLOCK_GetMcgExtClkFreq
                0x00003b54       0x28 ./drivers/fsl_clock.o
 .text.CLOCK_GetFllExtRefClkFreq
                0x00003b7c       0xa4 ./drivers/fsl_clock.o
 .text.CLOCK_GetInternalRefClkSelectFreq
                0x00003c20       0x40 ./drivers/fsl_clock.o
 .text.CLOCK_GetFllRefClkFreq
                0x00003c60       0x30 ./drivers/fsl_clock.o
 .text.CLOCK_GetPll0RefFreq
                0x00003c90       0x10 ./drivers/fsl_clock.o
 .text.CLOCK_GetOscRangeFromFreq
                0x00003ca0       0x4c ./drivers/fsl_clock.o
 .text.CLOCK_GetOsc0ErClkFreq
                0x00003cec       0x3c ./drivers/fsl_clock.o
                0x00003cec                CLOCK_GetOsc0ErClkFreq
 .text.CLOCK_GetEr32kClkFreq
                0x00003d28       0x74 ./drivers/fsl_clock.o
                0x00003d28                CLOCK_GetEr32kClkFreq
 .text.CLOCK_GetPllFllSelClkFreq
                0x00003d9c       0x50 ./drivers/fsl_clock.o
                0x00003d9c                CLOCK_GetPllFllSelClkFreq
 .text.CLOCK_GetFreq
                0x00003dec       0xe0 ./drivers/fsl_clock.o
                0x00003dec                CLOCK_GetFreq
 .text.CLOCK_SetSimConfig
                0x00003ecc       0x38 ./drivers/fsl_clock.o
                0x00003ecc                CLOCK_SetSimConfig
 .text.CLOCK_GetOutClkFreq
                0x00003f04       0x64 ./drivers/fsl_clock.o
                0x00003f04                CLOCK_GetOutClkFreq
 .text.CLOCK_GetFllFreq
                0x00003f68       0x84 ./drivers/fsl_clock.o
                0x00003f68                CLOCK_GetFllFreq
 .text.CLOCK_GetInternalRefClkFreq
                0x00003fec       0x28 ./drivers/fsl_clock.o
                0x00003fec                CLOCK_GetInternalRefClkFreq
 .text.CLOCK_GetFixedFreqClkFreq
                0x00004014       0x30 ./drivers/fsl_clock.o
                0x00004014                CLOCK_GetFixedFreqClkFreq
 .text.CLOCK_GetPll0Freq
                0x00004044       0x70 ./drivers/fsl_clock.o
                0x00004044                CLOCK_GetPll0Freq
 .text.CLOCK_SetExternalRefClkConfig
                0x000040b4       0x18 ./drivers/fsl_clock.o
                0x000040b4                CLOCK_SetExternalRefClkConfig
 .text.CLOCK_SetInternalRefClkConfig
                0x000040cc      0x12c ./drivers/fsl_clock.o
                0x000040cc                CLOCK_SetInternalRefClkConfig
 .text.CLOCK_EnablePll0
                0x000041f8       0x98 ./drivers/fsl_clock.o
                0x000041f8                CLOCK_EnablePll0
 .text.CLOCK_InitOsc0
                0x00004290       0x98 ./drivers/fsl_clock.o
                0x00004290                CLOCK_InitOsc0
 .text.CLOCK_SetPbeMode
                0x00004328       0xb0 ./drivers/fsl_clock.o
                0x00004328                CLOCK_SetPbeMode
 .text.CLOCK_BootToPeeMode
                0x000043d8       0x70 ./drivers/fsl_clock.o
                0x000043d8                CLOCK_BootToPeeMode
 .text.DMA_ClearChannelStatusFlags
                0x00004448       0x54 ./drivers/fsl_dma.o
 .text.DMA_HandleIRQ
                0x0000449c       0x4c ./drivers/fsl_dma.o
                0x0000449c                DMA_HandleIRQ
 .text.DMA0_DriverIRQHandler
                0x000044e8       0x18 ./drivers/fsl_dma.o
                0x000044e8                DMA0_DriverIRQHandler
 .text.DMA1_DriverIRQHandler
                0x00004500       0x18 ./drivers/fsl_dma.o
                0x00004500                DMA1_DriverIRQHandler
 .text.DMA2_DriverIRQHandler
                0x00004518       0x18 ./drivers/fsl_dma.o
                0x00004518                DMA2_DriverIRQHandler
 .text.DMA3_DriverIRQHandler
                0x00004530       0x18 ./drivers/fsl_dma.o
                0x00004530                DMA3_DriverIRQHandler
 .text.GPIO_WritePinOutput
                0x00004548       0x34 ./drivers/fsl_gpio.o
 .text.GPIO_PinInit
                0x0000457c       0x64 ./drivers/fsl_gpio.o
                0x0000457c                GPIO_PinInit
 .text.NVIC_EnableIRQ
                0x000045e0       0x2c ./drivers/fsl_i2c.o
 .text.CLOCK_EnableClock
                0x0000460c       0x38 ./drivers/fsl_i2c.o
 .text.EnableIRQ
                0x00004644       0x2c ./drivers/fsl_i2c.o
 .text.I2C_MasterClearStatusFlags
                0x00004670       0x38 ./drivers/fsl_i2c.o
 .text.I2C_GetInstance
                0x000046a8       0x4c ./drivers/fsl_i2c.o
                0x000046a8                I2C_GetInstance
 .text.I2C_InitTransferStateMachine
                0x000046f4       0xa0 ./drivers/fsl_i2c.o
 .text.I2C_CheckAndClearError
                0x00004794       0x40 ./drivers/fsl_i2c.o
 .text.I2C_MasterTransferRunStateMachine
                0x000047d4      0x268 ./drivers/fsl_i2c.o
 .text.I2C_TransferCommonIRQHandler
                0x00004a3c       0x54 ./drivers/fsl_i2c.o
 .text.I2C_MasterInit
                0x00004a90      0x10c ./drivers/fsl_i2c.o
                0x00004a90                I2C_MasterInit
 .text.I2C_MasterGetDefaultConfig
                0x00004b9c       0x40 ./drivers/fsl_i2c.o
                0x00004b9c                I2C_MasterGetDefaultConfig
 .text.I2C_EnableInterrupts
                0x00004bdc       0x68 ./drivers/fsl_i2c.o
                0x00004bdc                I2C_EnableInterrupts
 .text.I2C_DisableInterrupts
                0x00004c44       0x44 ./drivers/fsl_i2c.o
                0x00004c44                I2C_DisableInterrupts
 .text.I2C_MasterSetBaudRate
                0x00004c88       0xf4 ./drivers/fsl_i2c.o
                0x00004c88                I2C_MasterSetBaudRate
 .text.I2C_MasterStart
                0x00004d7c       0x74 ./drivers/fsl_i2c.o
                0x00004d7c                I2C_MasterStart
 .text.I2C_MasterRepeatedStart
                0x00004df0       0xc4 ./drivers/fsl_i2c.o
                0x00004df0                I2C_MasterRepeatedStart
 .text.I2C_MasterStop
                0x00004eb4       0x68 ./drivers/fsl_i2c.o
                0x00004eb4                I2C_MasterStop
 .text.I2C_MasterGetStatusFlags
                0x00004f1c       0x34 ./drivers/fsl_i2c.o
                0x00004f1c                I2C_MasterGetStatusFlags
 .text.I2C_MasterTransferCreateHandle
                0x00004f50       0x7c ./drivers/fsl_i2c.o
                0x00004f50                I2C_MasterTransferCreateHandle
 .text.I2C_MasterTransferNonBlocking
                0x00004fcc       0x70 ./drivers/fsl_i2c.o
                0x00004fcc                I2C_MasterTransferNonBlocking
 .text.I2C_MasterTransferHandleIRQ
                0x0000503c       0xc0 ./drivers/fsl_i2c.o
                0x0000503c                I2C_MasterTransferHandleIRQ
 .text.I2C0_DriverIRQHandler
                0x000050fc       0x20 ./drivers/fsl_i2c.o
                0x000050fc                I2C0_DriverIRQHandler
 .text.I2C1_DriverIRQHandler
                0x0000511c       0x20 ./drivers/fsl_i2c.o
                0x0000511c                I2C1_DriverIRQHandler
 .text.CLOCK_EnableClock
                0x0000513c       0x38 ./drivers/fsl_lpsci.o
 .text.LPSCI_GetInstance
                0x00005174       0x48 ./drivers/fsl_lpsci.o
                0x00005174                LPSCI_GetInstance
 .text.LPSCI_Init
                0x000051bc      0x270 ./drivers/fsl_lpsci.o
                0x000051bc                LPSCI_Init
 .text.LPSCI_GetDefaultConfig
                0x0000542c       0x44 ./drivers/fsl_lpsci.o
                0x0000542c                LPSCI_GetDefaultConfig
 .text.LPSCI_GetStatusFlags
                0x00005470       0x28 ./drivers/fsl_lpsci.o
                0x00005470                LPSCI_GetStatusFlags
 .text.LPSCI_ClearStatusFlags
                0x00005498       0x98 ./drivers/fsl_lpsci.o
                0x00005498                LPSCI_ClearStatusFlags
 .text.LPSCI_WriteBlocking
                0x00005530       0x4c ./drivers/fsl_lpsci.o
                0x00005530                LPSCI_WriteBlocking
 .text.LPSCI_ReadBlocking
                0x0000557c       0xc0 ./drivers/fsl_lpsci.o
                0x0000557c                LPSCI_ReadBlocking
 .text.UART0_DriverIRQHandler
                0x0000563c       0x24 ./drivers/fsl_lpsci.o
                0x0000563c                UART0_DriverIRQHandler
 .text.SPI_CommonIRQHandler
                0x00005660       0x54 ./drivers/fsl_spi.o
 .text.SPI0_DriverIRQHandler
                0x000056b4       0x30 ./drivers/fsl_spi.o
                0x000056b4                SPI0_DriverIRQHandler
 .text.SPI1_DriverIRQHandler
                0x000056e4       0x30 ./drivers/fsl_spi.o
                0x000056e4                SPI1_DriverIRQHandler
 .text.CLOCK_EnableClock
                0x00005714       0x38 ./drivers/fsl_uart.o
 .text.UART_GetInstance
                0x0000574c       0x54 ./drivers/fsl_uart.o
                0x0000574c                UART_GetInstance
 .text.UART_Init
                0x000057a0      0x1fc ./drivers/fsl_uart.o
                0x000057a0                UART_Init
 .text.UART_GetDefaultConfig
                0x0000599c       0x44 ./drivers/fsl_uart.o
                0x0000599c                UART_GetDefaultConfig
 .text.UART_GetStatusFlags
                0x000059e0       0x28 ./drivers/fsl_uart.o
                0x000059e0                UART_GetStatusFlags
 .text.UART_WriteBlocking
                0x00005a08       0x3c ./drivers/fsl_uart.o
                0x00005a08                UART_WriteBlocking
 .text.UART_ReadBlocking
                0x00005a44       0x98 ./drivers/fsl_uart.o
                0x00005a44                UART_ReadBlocking
 .text.UART1_DriverIRQHandler
                0x00005adc       0x24 ./drivers/fsl_uart.o
                0x00005adc                UART1_DriverIRQHandler
 .text.UART2_DriverIRQHandler
                0x00005b00       0x24 ./drivers/fsl_uart.o
                0x00005b00                UART2_DriverIRQHandler
 .text.CLOCK_SetLpsci0Clock
                0x00005b24       0x38 ./board/board.o
 .text.BOARD_InitDebugConsole
                0x00005b5c       0x30 ./board/board.o
                0x00005b5c                BOARD_InitDebugConsole
 .text.CLOCK_SetSimSafeDivs
                0x00005b8c       0x20 ./board/clock_config.o
 .text.CLOCK_SetXtal0Freq
                0x00005bac       0x1c ./board/clock_config.o
 .text.CLOCK_CONFIG_SetFllExtRefDiv
                0x00005bc8       0x3c ./board/clock_config.o
 .text.BOARD_BootClockRUN
                0x00005c04       0x64 ./board/clock_config.o
                0x00005c04                BOARD_BootClockRUN
 .text.CLOCK_EnableClock
                0x00005c68       0x38 ./board/pin_mux.o
 .text.PORT_SetPinMux
                0x00005ca0       0x40 ./board/pin_mux.o
 .text.BOARD_InitPins
                0x00005ce0       0x4c ./board/pin_mux.o
                0x00005ce0                BOARD_InitPins
 .text.SystemInit
                0x00005d2c       0x18 ./CMSIS/system_MKL25Z4.o
                0x00005d2c                SystemInit
 .text.__main   0x00005d44        0xc c:/nxp/mcuxpressoide_10.0.0_344/ide/tools/bin/../lib/gcc/arm-none-eabi/5.4.1/../../../../arm-none-eabi/lib/armv6-m\libcr_semihost_nf.a(_cr__main.o)
                0x00005d44                __CR_SEMIHOST
                0x00005d44                __main
 .text.__assertion_failed
                0x00005d50       0x4c c:/nxp/mcuxpressoide_10.0.0_344/ide/tools/bin/../lib/gcc/arm-none-eabi/5.4.1/../../../../arm-none-eabi/lib/armv6-m\libcr_semihost_nf.a(_cr_assert.o)
                0x00005d50                __assertion_failed
 .text.__sys_appexit
                0x00005d9c        0xc c:/nxp/mcuxpressoide_10.0.0_344/ide/tools/bin/../lib/gcc/arm-none-eabi/5.4.1/../../../../arm-none-eabi/lib/armv6-m\libcr_semihost_nf.a(__sys_appexit.o)
                0x00005d9c                __sys_appexit
                0x00005d9c                __exit
 .text.memcpy   0x00005da8        0x8 c:/nxp/mcuxpressoide_10.0.0_344/ide/tools/bin/../lib/gcc/arm-none-eabi/5.4.1/../../../../arm-none-eabi/lib/armv6-m\libcr_c.a(memcpy.o)
                0x00005da8                memcpy
 .text.memset   0x00005db0        0x8 c:/nxp/mcuxpressoide_10.0.0_344/ide/tools/bin/../lib/gcc/arm-none-eabi/5.4.1/../../../../arm-none-eabi/lib/armv6-m\libcr_c.a(memset.o)
                0x00005db0                memset
 .text._deferredlazyseek
                0x00005db8       0x40 c:/nxp/mcuxpressoide_10.0.0_344/ide/tools/bin/../lib/gcc/arm-none-eabi/5.4.1/../../../../arm-none-eabi/lib/armv6-m\libcr_c.a(_deferredlazyseek.o)
                0x00005db8                _deferredlazyseek
 .text.__flsbuf
                0x00005df8      0x14c c:/nxp/mcuxpressoide_10.0.0_344/ide/tools/bin/../lib/gcc/arm-none-eabi/5.4.1/../../../../arm-none-eabi/lib/armv6-m\libcr_c.a(_deferredlazyseek.o)
                0x00005df8                __flsbuf
 .text._fflush  0x00005f44       0x60 c:/nxp/mcuxpressoide_10.0.0_344/ide/tools/bin/../lib/gcc/arm-none-eabi/5.4.1/../../../../arm-none-eabi/lib/armv6-m\libcr_c.a(_fflush.o)
                0x00005f44                _fflush
 .text._Cwritebuf
                0x00005fa4       0x6c c:/nxp/mcuxpressoide_10.0.0_344/ide/tools/bin/../lib/gcc/arm-none-eabi/5.4.1/../../../../arm-none-eabi/lib/armv6-m\libcr_c.a(_writebuf.o)
                0x00005fa4                _Cwritebuf
 .text.malloc   0x00006010       0xcc c:/nxp/mcuxpressoide_10.0.0_344/ide/tools/bin/../lib/gcc/arm-none-eabi/5.4.1/../../../../arm-none-eabi/lib/armv6-m\libcr_c.a(alloc.o)
                0x00006010                malloc
 .text.free     0x000060dc       0x2e c:/nxp/mcuxpressoide_10.0.0_344/ide/tools/bin/../lib/gcc/arm-none-eabi/5.4.1/../../../../arm-none-eabi/lib/armv6-m\libcr_c.a(alloc.o)
                0x000060dc                free
 *fill*         0x0000610a        0x2 ff
 .text._Csys_alloc
                0x0000610c       0x20 c:/nxp/mcuxpressoide_10.0.0_344/ide/tools/bin/../lib/gcc/arm-none-eabi/5.4.1/../../../../arm-none-eabi/lib/armv6-m\libcr_c.a(alloc.o)
                0x0000610c                _Csys_alloc
 .text.fputs    0x0000612c       0x30 c:/nxp/mcuxpressoide_10.0.0_344/ide/tools/bin/../lib/gcc/arm-none-eabi/5.4.1/../../../../arm-none-eabi/lib/armv6-m\libcr_c.a(fputs.o)
                0x0000612c                fputs
 .text.fseek    0x0000615c       0xf0 c:/nxp/mcuxpressoide_10.0.0_344/ide/tools/bin/../lib/gcc/arm-none-eabi/5.4.1/../../../../arm-none-eabi/lib/armv6-m\libcr_c.a(fseek.o)
                0x0000615c                fseek
 .text.ftell    0x0000624c       0x48 c:/nxp/mcuxpressoide_10.0.0_344/ide/tools/bin/../lib/gcc/arm-none-eabi/5.4.1/../../../../arm-none-eabi/lib/armv6-m\libcr_c.a(ftell.o)
                0x0000624c                ftell
 .text._initio  0x00006294       0x7c c:/nxp/mcuxpressoide_10.0.0_344/ide/tools/bin/../lib/gcc/arm-none-eabi/5.4.1/../../../../arm-none-eabi/lib/armv6-m\libcr_c.a(initio.o)
                0x00006294                _initio
 .text.setvbuf  0x00006310       0x4c c:/nxp/mcuxpressoide_10.0.0_344/ide/tools/bin/../lib/gcc/arm-none-eabi/5.4.1/../../../../arm-none-eabi/lib/armv6-m\libcr_c.a(setvbuf.o)
                0x00006310                setvbuf
 .text._sbrk    0x0000635c       0x40 c:/nxp/mcuxpressoide_10.0.0_344/ide/tools/bin/../lib/gcc/arm-none-eabi/5.4.1/../../../../arm-none-eabi/lib/armv6-m\libcr_c.a(_cr_sbrk.o)
                0x0000635c                _sbrk
 .text._fdopen  0x0000639c       0x74 c:/nxp/mcuxpressoide_10.0.0_344/ide/tools/bin/../lib/gcc/arm-none-eabi/5.4.1/../../../../arm-none-eabi/lib/armv6-m\libcr_c.a(_fdopen.o)
                0x0000639c                _fdopen
 .text.fclose   0x00006410       0x5c c:/nxp/mcuxpressoide_10.0.0_344/ide/tools/bin/../lib/gcc/arm-none-eabi/5.4.1/../../../../arm-none-eabi/lib/armv6-m\libcr_c.a(fclose.o)
                0x00006410                fclose
 .text.fflush   0x0000646c       0x44 c:/nxp/mcuxpressoide_10.0.0_344/ide/tools/bin/../lib/gcc/arm-none-eabi/5.4.1/../../../../arm-none-eabi/lib/armv6-m\libcr_c.a(fflush.o)
                0x0000646c                fflush
 .text.remove   0x000064b0       0x12 c:/nxp/mcuxpressoide_10.0.0_344/ide/tools/bin/../lib/gcc/arm-none-eabi/5.4.1/../../../../arm-none-eabi/lib/armv6-m\libcr_c.a(remove.o)
                0x000064b0                remove
 *fill*         0x000064c2        0x2 ff
 .text.strlen   0x000064c4       0x54 c:/nxp/mcuxpressoide_10.0.0_344/ide/tools/bin/../lib/gcc/arm-none-eabi/5.4.1/../../../../arm-none-eabi/lib/armv6-m\libcr_c.a(strlen.o)
                0x000064c4                strlen
 .text.__check_heap_overflow
                0x00006518       0x14 c:/nxp/mcuxpressoide_10.0.0_344/ide/tools/bin/../lib/gcc/arm-none-eabi/5.4.1/../../../../arm-none-eabi/lib/armv6-m\libcr_c.a(_cr_check_heap.o)
                0x00006518                __check_heap_overflow
 .text._do_fflush
                0x0000652c       0x48 c:/nxp/mcuxpressoide_10.0.0_344/ide/tools/bin/../lib/gcc/arm-none-eabi/5.4.1/../../../../arm-none-eabi/lib/armv6-m\libcr_c.a(_do_fflush.o)
                0x0000652c                _do_fflush
 .text.__aeabi_division_idivmod
                0x00006574       0x78 c:/nxp/mcuxpressoide_10.0.0_344/ide/tools/bin/../lib/gcc/arm-none-eabi/5.4.1/armv6-m\libcr_eabihelpers.a(division_32.o)
                0x00006574                __aeabi_idivmod
                0x00006574                __aeabi_idiv
                0x0000657a                __aeabi_uidivmod
                0x0000657a                __aeabi_uidiv
 .text.__aeabi_division_idiv0
                0x000065ec        0x2 c:/nxp/mcuxpressoide_10.0.0_344/ide/tools/bin/../lib/gcc/arm-none-eabi/5.4.1/armv6-m\libcr_eabihelpers.a(division_idiv0.o)
                0x000065ec                __aeabi_idiv0
 *fill*         0x000065ee        0x2 ff
 .text.__aeabi_fdiv
                0x000065f0       0xf0 c:/nxp/mcuxpressoide_10.0.0_344/ide/tools/bin/../lib/gcc/arm-none-eabi/5.4.1/armv6-m\libcr_eabihelpers.a(float.o)
                0x000065f0                __aeabi_fdiv
 .text.__bhs_ui2f
                0x000066e0       0x62 c:/nxp/mcuxpressoide_10.0.0_344/ide/tools/bin/../lib/gcc/arm-none-eabi/5.4.1/armv6-m\libcr_eabihelpers.a(float.o)
                0x000066e0                __bhs_ui2f
 .text.__aeabi_i2f
                0x00006742       0x16 c:/nxp/mcuxpressoide_10.0.0_344/ide/tools/bin/../lib/gcc/arm-none-eabi/5.4.1/armv6-m\libcr_eabihelpers.a(float.o)
                0x00006742                __aeabi_i2f
 .text.__aeabi_memcpy
                0x00006758       0x2c c:/nxp/mcuxpressoide_10.0.0_344/ide/tools/bin/../lib/gcc/arm-none-eabi/5.4.1/armv6-m\libcr_eabihelpers.a(memcpy.o)
                0x00006758                __aeabi_memcpy4
                0x00006758                __aeabi_memcpy8
                0x00006758                __aeabi_memcpy
 .text.__aeabi_memset_lowlevel
                0x00006784       0x2a c:/nxp/mcuxpressoide_10.0.0_344/ide/tools/bin/../lib/gcc/arm-none-eabi/5.4.1/armv6-m\libcr_eabihelpers.a(memcpy.o)
                0x00006784                __aeabi_lowlevel_memset
 .text.__sys_close
                0x000067ae        0xc c:/nxp/mcuxpressoide_10.0.0_344/ide/tools/bin/../lib/gcc/arm-none-eabi/5.4.1/../../../../arm-none-eabi/lib/armv6-m\libcr_semihost_nf.a(__sys_close.o)
                0x000067ae                __sys_close
 .text.__sys_flen
                0x000067ba        0xc c:/nxp/mcuxpressoide_10.0.0_344/ide/tools/bin/../lib/gcc/arm-none-eabi/5.4.1/../../../../arm-none-eabi/lib/armv6-m\libcr_semihost_nf.a(__sys_flen.o)
                0x000067ba                __sys_flen
 .text.__sys_istty
                0x000067c6        0xc c:/nxp/mcuxpressoide_10.0.0_344/ide/tools/bin/../lib/gcc/arm-none-eabi/5.4.1/../../../../arm-none-eabi/lib/armv6-m\libcr_semihost_nf.a(__sys_istty.o)
                0x000067c6                __sys_istty
 .text.__sys_remove
                0x000067d2        0xc c:/nxp/mcuxpressoide_10.0.0_344/ide/tools/bin/../lib/gcc/arm-none-eabi/5.4.1/../../../../arm-none-eabi/lib/armv6-m\libcr_semihost_nf.a(__sys_remove.o)
                0x000067d2                __sys_remove
 .text.__sys_seek
                0x000067de        0xc c:/nxp/mcuxpressoide_10.0.0_344/ide/tools/bin/../lib/gcc/arm-none-eabi/5.4.1/../../../../arm-none-eabi/lib/armv6-m\libcr_semihost_nf.a(__sys_seek.o)
                0x000067de                __sys_seek
 .text.__sys_tmpnam
                0x000067ea        0xc c:/nxp/mcuxpressoide_10.0.0_344/ide/tools/bin/../lib/gcc/arm-none-eabi/5.4.1/../../../../arm-none-eabi/lib/armv6-m\libcr_semihost_nf.a(__sys_tmpnam.o)
                0x000067ea                __sys_tmpnam
 *(.rodata .rodata.* .constdata .constdata.*)
 *fill*         0x000067f6        0x2 ff
 .rodata        0x000067f8       0xa2 ./source/tasks/task_charger.o
 *fill*         0x0000689a        0x2 ff
 .rodata        0x0000689c       0x88 ./source/tasks/task_magnetometer.o
 .rodata.g_accel_address
                0x00006924        0x4 ./source/tasks/task_magnetometer.o
                0x00006924                g_accel_address
 .rodata        0x00006928        0xc ./source/freertos_hello.o
 .rodata        0x00006934       0x18 ./freertos/tasks.o
                0x0000693c                FreeRTOSDebugConfig
 .rodata        0x0000694c        0xd ./freertos/timers.o
 *fill*         0x00006959        0x3 ff
 .rodata.prvProcessReceivedCommands
                0x0000695c       0x28 ./freertos/timers.o
 .rodata        0x00006984      0x13a ./drivers/fsl_adc16.o
 *fill*         0x00006abe        0x2 ff
 .rodata        0x00006ac0      0x11d ./drivers/fsl_clock.o
 *fill*         0x00006bdd        0x3 ff
 .rodata.CLOCK_GetFreq
                0x00006be0       0x38 ./drivers/fsl_clock.o
 .rodata.fllFactorTable.5253
                0x00006c18       0x10 ./drivers/fsl_clock.o
 .rodata        0x00006c28      0x4ae ./drivers/fsl_dma.o
 *fill*         0x000070d6        0x2 ff
 .rodata        0x000070d8       0x62 ./drivers/fsl_gpio.o
 *fill*         0x0000713a        0x2 ff
 .rodata.s_i2cDividerTable
                0x0000713c       0x80 ./drivers/fsl_i2c.o
 .rodata.s_i2cBases
                0x000071bc        0x8 ./drivers/fsl_i2c.o
 .rodata.s_i2cIrqs
                0x000071c4        0x2 ./drivers/fsl_i2c.o
 *fill*         0x000071c6        0x2 ff
 .rodata.s_i2cClocks
                0x000071c8        0x8 ./drivers/fsl_i2c.o
 .rodata        0x000071d0      0x2f6 ./drivers/fsl_i2c.o
 *fill*         0x000074c6        0x2 ff
 .rodata        0x000074c8      0x48c ./drivers/fsl_lpsci.o
 .rodata        0x00007954      0x213 ./drivers/fsl_spi.o
 *fill*         0x00007b67        0x1 ff
 .rodata.s_uartBases
                0x00007b68        0xc ./drivers/fsl_uart.o
 .rodata.s_uartClock
                0x00007b74        0xc ./drivers/fsl_uart.o
 .rodata        0x00007b80      0x45b ./drivers/fsl_uart.o
 *fill*         0x00007fdb        0x1 ff
 .rodata.mcgConfig_BOARD_BootClockRUN
                0x00007fdc        0xa ./board/clock_config.o
                0x00007fdc                mcgConfig_BOARD_BootClockRUN
 *fill*         0x00007fe6        0x2 ff
 .rodata.simConfig_BOARD_BootClockRUN
                0x00007fe8        0x8 ./board/clock_config.o
                0x00007fe8                simConfig_BOARD_BootClockRUN
 .rodata.oscConfig_BOARD_BootClockRUN
                0x00007ff0        0x8 ./board/clock_config.o
                0x00007ff0                oscConfig_BOARD_BootClockRUN
 .rodata.str1.1
                0x00007ff8       0x15 c:/nxp/mcuxpressoide_10.0.0_344/ide/tools/bin/../lib/gcc/arm-none-eabi/5.4.1/../../../../arm-none-eabi/lib/armv6-m\libcr_semihost_nf.a(_cr_assert.o)
 *fill*         0x0000800d        0x3 ff
 .rodata.__num_Ciob_streams
                0x00008010        0x4 c:/nxp/mcuxpressoide_10.0.0_344/ide/tools/bin/../lib/gcc/arm-none-eabi/5.4.1/../../../../arm-none-eabi/lib/armv6-m\libcr_semihost_nf.a(__ciob.o)
                0x00008010                __num_Ciob_streams
 .rodata.str1.1
                0x00008014       0x18 c:/nxp/mcuxpressoide_10.0.0_344/ide/tools/bin/../lib/gcc/arm-none-eabi/5.4.1/../../../../arm-none-eabi/lib/armv6-m\libcr_c.a(alloc.o)
 .rodata.str1.1
                0x0000802c        0x4 c:/nxp/mcuxpressoide_10.0.0_344/ide/tools/bin/../lib/gcc/arm-none-eabi/5.4.1/../../../../arm-none-eabi/lib/armv6-m\libcr_c.a(initio.o)
                0x00008030                . = ALIGN (0x4)

.glue_7         0x00008030        0x0
 .glue_7        0x00008030        0x0 linker stubs

.glue_7t        0x00008030        0x0
 .glue_7t       0x00008030        0x0 linker stubs

.vfp11_veneer   0x00008030        0x0
 .vfp11_veneer  0x00008030        0x0 linker stubs

.v4_bx          0x00008030        0x0
 .v4_bx         0x00008030        0x0 linker stubs

.iplt           0x00008030        0x0
 .iplt          0x00008030        0x0 ./utilities/fsl_debug_console.o

.rel.dyn        0x00008030        0x0
 .rel.iplt      0x00008030        0x0 ./utilities/fsl_debug_console.o

.ARM.extab
 *(.ARM.extab* .gnu.linkonce.armextab.*)
                0x00008030                __exidx_start = .

.ARM.exidx
 *(.ARM.exidx* .gnu.linkonce.armexidx.*)
                0x00008030                __exidx_end = .
                0x00008030                _etext = .

.m_usb_data
 *(m_usb_bdt)

.mtb_buffer_default
                0x1ffff000       0x80
 *(.mtb*)
 .mtb.$RAM1     0x1ffff000       0x80 ./source/mtb.o
                0x1ffff000                __mtb_buffer__

.uninit_RESERVED
                0x1ffff080        0x0
 *(.bss.$RESERVED*)
                0x1ffff080                . = ALIGN (0x4)
                0x1ffff080                _end_uninit_RESERVED = .

.data           0x1ffff080       0x10 load address 0x00008030
 FILL mask 0xff
                0x1ffff080                _data = .
 *(vtable)
 *(.ramfunc*)
 *(.data*)
 .data.uxCriticalNesting
                0x1ffff080        0x4 ./freertos/port.o
 .data.s_slowIrcFreq
                0x1ffff084        0x4 ./drivers/fsl_clock.o
 .data.s_fastIrcFreq
                0x1ffff088        0x4 ./drivers/fsl_clock.o
 .data.SystemCoreClock
                0x1ffff08c        0x4 ./CMSIS/system_MKL25Z4.o
                0x1ffff08c                SystemCoreClock
                0x1ffff090                . = ALIGN (0x4)
                0x1ffff090                _edata = .

.igot.plt       0x1ffff090        0x0 load address 0x00008040
 .igot.plt      0x1ffff090        0x0 ./utilities/fsl_debug_console.o

.bss            0x1ffff090     0x2aec load address 0x00008040
                0x1ffff090                _bss = .
 *(.bss*)
 .bss.s_debugConsole
                0x1ffff090       0x10 ./utilities/fsl_debug_console.o
 .bss.adc16ChannelConfigStruct
                0x1ffff0a0        0x8 ./source/tasks/task_charger.o
 .bss.g_m_handle
                0x1ffff0a8       0x28 ./source/tasks/task_magnetometer.o
                0x1ffff0a8                g_m_handle
 .bss.g_accel_addr_found
                0x1ffff0d0        0x1 ./source/tasks/task_magnetometer.o
                0x1ffff0d0                g_accel_addr_found
 .bss.completionFlag
                0x1ffff0d1        0x1 ./source/tasks/task_magnetometer.o
                0x1ffff0d1                completionFlag
 .bss.nakFlag   0x1ffff0d2        0x1 ./source/tasks/task_magnetometer.o
                0x1ffff0d2                nakFlag
 *fill*         0x1ffff0d3        0x1 
 .bss.ucHeap    0x1ffff0d4     0x2800 ./freertos/heap_4.o
 .bss.xStart    0x200018d4        0x8 ./freertos/heap_4.o
 .bss.pxEnd     0x200018dc        0x4 ./freertos/heap_4.o
 .bss.xFreeBytesRemaining
                0x200018e0        0x4 ./freertos/heap_4.o
 .bss.xMinimumEverFreeBytesRemaining
                0x200018e4        0x4 ./freertos/heap_4.o
 .bss.xBlockAllocatedBit
                0x200018e8        0x4 ./freertos/heap_4.o
 .bss.xQueueRegistry
                0x200018ec       0x40 ./freertos/queue.o
                0x200018ec                xQueueRegistry
 .bss.pxCurrentTCB
                0x2000192c        0x4 ./freertos/tasks.o
                0x2000192c                pxCurrentTCB
 .bss.pxReadyTasksLists
                0x20001930       0x64 ./freertos/tasks.o
 .bss.xDelayedTaskList1
                0x20001994       0x14 ./freertos/tasks.o
 .bss.xDelayedTaskList2
                0x200019a8       0x14 ./freertos/tasks.o
 .bss.pxDelayedTaskList
                0x200019bc        0x4 ./freertos/tasks.o
 .bss.pxOverflowDelayedTaskList
                0x200019c0        0x4 ./freertos/tasks.o
 .bss.xPendingReadyList
                0x200019c4       0x14 ./freertos/tasks.o
 .bss.xTasksWaitingTermination
                0x200019d8       0x14 ./freertos/tasks.o
 .bss.uxDeletedTasksWaitingCleanUp
                0x200019ec        0x4 ./freertos/tasks.o
 .bss.xSuspendedTaskList
                0x200019f0       0x14 ./freertos/tasks.o
 .bss.uxCurrentNumberOfTasks
                0x20001a04        0x4 ./freertos/tasks.o
 .bss.xTickCount
                0x20001a08        0x4 ./freertos/tasks.o
 .bss.uxTopReadyPriority
                0x20001a0c        0x4 ./freertos/tasks.o
 .bss.xSchedulerRunning
                0x20001a10        0x4 ./freertos/tasks.o
 .bss.uxPendedTicks
                0x20001a14        0x4 ./freertos/tasks.o
 .bss.xYieldPending
                0x20001a18        0x4 ./freertos/tasks.o
 .bss.xNumOfOverflows
                0x20001a1c        0x4 ./freertos/tasks.o
 .bss.uxTaskNumber
                0x20001a20        0x4 ./freertos/tasks.o
 .bss.xNextTaskUnblockTime
                0x20001a24        0x4 ./freertos/tasks.o
 .bss.xIdleTaskHandle
                0x20001a28        0x4 ./freertos/tasks.o
 .bss.uxSchedulerSuspended
                0x20001a2c        0x4 ./freertos/tasks.o
 .bss.xActiveTimerList1
                0x20001a30       0x14 ./freertos/timers.o
 .bss.xActiveTimerList2
                0x20001a44       0x14 ./freertos/timers.o
 .bss.pxCurrentTimerList
                0x20001a58        0x4 ./freertos/timers.o
 .bss.pxOverflowTimerList
                0x20001a5c        0x4 ./freertos/timers.o
 .bss.xTimerQueue
                0x20001a60        0x4 ./freertos/timers.o
 .bss.xTimerTaskHandle
                0x20001a64        0x4 ./freertos/timers.o
 .bss.xLastTime.4599
                0x20001a68        0x4 ./freertos/timers.o
 .bss.g_xtal0Freq
                0x20001a6c        0x4 ./drivers/fsl_clock.o
                0x20001a6c                g_xtal0Freq
 .bss.g_xtal32Freq
                0x20001a70        0x4 ./drivers/fsl_clock.o
                0x20001a70                g_xtal32Freq
 .bss.s_DMAHandle
                0x20001a74       0x10 ./drivers/fsl_dma.o
 .bss.s_i2cHandle
                0x20001a84        0x8 ./drivers/fsl_i2c.o
 .bss.s_i2cMasterIsr
                0x20001a8c        0x4 ./drivers/fsl_i2c.o
 .bss.s_i2cSlaveIsr
                0x20001a90        0x4 ./drivers/fsl_i2c.o
 .bss.s_lpsciHandle
                0x20001a94        0x4 ./drivers/fsl_lpsci.o
 .bss.s_lpsciIsr
                0x20001a98        0x4 ./drivers/fsl_lpsci.o
 .bss.s_spiHandle
                0x20001a9c        0x8 ./drivers/fsl_spi.o
 .bss.s_spiMasterIsr
                0x20001aa4        0x4 ./drivers/fsl_spi.o
 .bss.s_spiSlaveIsr
                0x20001aa8        0x4 ./drivers/fsl_spi.o
 .bss.s_uartHandle
                0x20001aac        0xc ./drivers/fsl_uart.o
 .bss.s_uartIsr
                0x20001ab8        0x4 ./drivers/fsl_uart.o
 .bss.__Ciob    0x20001abc       0xb4 c:/nxp/mcuxpressoide_10.0.0_344/ide/tools/bin/../lib/gcc/arm-none-eabi/5.4.1/../../../../arm-none-eabi/lib/armv6-m\libcr_semihost_nf.a(__ciob.o)
                0x20001abc                __Ciob
 .bss.__heaps   0x20001b70        0x4 c:/nxp/mcuxpressoide_10.0.0_344/ide/tools/bin/../lib/gcc/arm-none-eabi/5.4.1/../../../../arm-none-eabi/lib/armv6-m\libcr_c.a(__init_alloc.o)
                0x20001b70                __heaps
 .bss.__end_of_heap
                0x20001b74        0x4 c:/nxp/mcuxpressoide_10.0.0_344/ide/tools/bin/../lib/gcc/arm-none-eabi/5.4.1/../../../../arm-none-eabi/lib/armv6-m\libcr_c.a(__init_alloc.o)
                0x20001b74                __end_of_heap
 .bss.errno     0x20001b78        0x4 c:/nxp/mcuxpressoide_10.0.0_344/ide/tools/bin/../lib/gcc/arm-none-eabi/5.4.1/../../../../arm-none-eabi/lib/armv6-m\libcr_c.a(errno.o)
                0x20001b78                errno
 *(COMMON)
                0x20001b7c                . = ALIGN (0x4)
                0x20001b7c                _ebss = .
                [!provide]                PROVIDE (end, .)

.noinit         0x20001b7c        0x0 load address 0x00008040
                0x20001b7c                _noinit = .
 *(.noinit*)
                0x20001b7c                . = ALIGN (0x4)
                0x20001b7c                _end_noinit = .

.heap           0x20001b7c      0x400 load address 0x00008040
                0x20001b7c                _pvHeapStart = .
                0x20001f7c                . = (. + 0x400)
 *fill*         0x20001b7c      0x400 
                0x20001f7c                . = ALIGN (0x4)
                0x20001f7c                _pvHeapLimit = .

.heap2stackfill
                0x20001f7c      0x400 load address 0x00008040
                0x2000237c                . = (. + 0x400)
 *fill*         0x20001f7c      0x400 

.stack          0x20002c00        0x0
                0x20002c00                _vStackBase = .
                0x20002c00                . = ALIGN (0x4)
                0x20003000                _vStackTop = (. + 0x400)
OUTPUT(frdmkl25z_rtos_examples_freertos_hello.axf elf32-littlearm)

.debug_info     0x00000000    0x1066f
 .debug_info    0x00000000      0x880 ./utilities/fsl_debug_console.o
 .debug_info    0x00000880      0x49b ./startup/startup_mkl25z4.o
 .debug_info    0x00000d1b      0xc61 ./source/tasks/task_charger.o
 .debug_info    0x0000197c      0x46d ./source/tasks/task_heartbeat.o
 .debug_info    0x00001de9      0xdd5 ./source/tasks/task_magnetometer.o
 .debug_info    0x00002bbe       0xb7 ./source/freertos_hello.o
 .debug_info    0x00002c75       0x4d ./source/mtb.o
 .debug_info    0x00002cc2       0xb3 ./freertos/fsl_tickless_lptmr.o
 .debug_info    0x00002d75      0x2e0 ./freertos/heap_4.o
 .debug_info    0x00003055      0x292 ./freertos/list.o
 .debug_info    0x000032e7      0x225 ./freertos/port.o
 .debug_info    0x0000350c      0xdfe ./freertos/queue.o
 .debug_info    0x0000430a     0x176b ./freertos/tasks.o
 .debug_info    0x00005a75      0xac0 ./freertos/timers.o
 .debug_info    0x00006535      0xbd4 ./drivers/fsl_adc16.o
 .debug_info    0x00007109     0x1908 ./drivers/fsl_clock.o
 .debug_info    0x00008a11      0xe82 ./drivers/fsl_dma.o
 .debug_info    0x00009893      0x4f7 ./drivers/fsl_gpio.o
 .debug_info    0x00009d8a     0x1925 ./drivers/fsl_i2c.o
 .debug_info    0x0000b6af     0x1358 ./drivers/fsl_lpsci.o
 .debug_info    0x0000ca07     0x12fa ./drivers/fsl_spi.o
 .debug_info    0x0000dd01     0x1302 ./drivers/fsl_uart.o
 .debug_info    0x0000f003      0x387 ./board/board.o
 .debug_info    0x0000f38a      0xa02 ./board/clock_config.o
 .debug_info    0x0000fd8c      0x51e ./board/pin_mux.o
 .debug_info    0x000102aa      0x3c5 ./CMSIS/system_MKL25Z4.o

.debug_abbrev   0x00000000     0x2cb4
 .debug_abbrev  0x00000000      0x1b8 ./utilities/fsl_debug_console.o
 .debug_abbrev  0x000001b8      0x12e ./startup/startup_mkl25z4.o
 .debug_abbrev  0x000002e6      0x21d ./source/tasks/task_charger.o
 .debug_abbrev  0x00000503      0x19e ./source/tasks/task_heartbeat.o
 .debug_abbrev  0x000006a1      0x29d ./source/tasks/task_magnetometer.o
 .debug_abbrev  0x0000093e       0x62 ./source/freertos_hello.o
 .debug_abbrev  0x000009a0       0x3e ./source/mtb.o
 .debug_abbrev  0x000009de       0x60 ./freertos/fsl_tickless_lptmr.o
 .debug_abbrev  0x00000a3e      0x158 ./freertos/heap_4.o
 .debug_abbrev  0x00000b96       0xbe ./freertos/list.o
 .debug_abbrev  0x00000c54      0x15d ./freertos/port.o
 .debug_abbrev  0x00000db1      0x1a3 ./freertos/queue.o
 .debug_abbrev  0x00000f54      0x255 ./freertos/tasks.o
 .debug_abbrev  0x000011a9      0x1a9 ./freertos/timers.o
 .debug_abbrev  0x00001352      0x234 ./drivers/fsl_adc16.o
 .debug_abbrev  0x00001586      0x2ff ./drivers/fsl_clock.o
 .debug_abbrev  0x00001885      0x278 ./drivers/fsl_dma.o
 .debug_abbrev  0x00001afd      0x176 ./drivers/fsl_gpio.o
 .debug_abbrev  0x00001c73      0x306 ./drivers/fsl_i2c.o
 .debug_abbrev  0x00001f79      0x293 ./drivers/fsl_lpsci.o
 .debug_abbrev  0x0000220c      0x2ab ./drivers/fsl_spi.o
 .debug_abbrev  0x000024b7      0x2ab ./drivers/fsl_uart.o
 .debug_abbrev  0x00002762      0x115 ./board/board.o
 .debug_abbrev  0x00002877      0x1d8 ./board/clock_config.o
 .debug_abbrev  0x00002a4f      0x15f ./board/pin_mux.o
 .debug_abbrev  0x00002bae      0x106 ./CMSIS/system_MKL25Z4.o

.debug_aranges  0x00000000     0x1170
 .debug_aranges
                0x00000000       0x58 ./utilities/fsl_debug_console.o
 .debug_aranges
                0x00000058      0x160 ./startup/startup_mkl25z4.o
 .debug_aranges
                0x000001b8       0x98 ./source/tasks/task_charger.o
 .debug_aranges
                0x00000250       0x48 ./source/tasks/task_heartbeat.o
 .debug_aranges
                0x00000298       0x78 ./source/tasks/task_magnetometer.o
 .debug_aranges
                0x00000310       0x20 ./source/freertos_hello.o
 .debug_aranges
                0x00000330       0x18 ./source/mtb.o
 .debug_aranges
                0x00000348       0x20 ./freertos/fsl_tickless_lptmr.o
 .debug_aranges
                0x00000368       0x50 ./freertos/heap_4.o
 .debug_aranges
                0x000003b8       0x40 ./freertos/list.o
 .debug_aranges
                0x000003f8       0x80 ./freertos/port.o
 .debug_aranges
                0x00000478      0x118 ./freertos/queue.o
 .debug_aranges
                0x00000590      0x1e8 ./freertos/tasks.o
 .debug_aranges
                0x00000778       0xc8 ./freertos/timers.o
 .debug_aranges
                0x00000840       0x88 ./drivers/fsl_adc16.o
 .debug_aranges
                0x000008c8      0x1d8 ./drivers/fsl_clock.o
 .debug_aranges
                0x00000aa0       0xd0 ./drivers/fsl_dma.o
 .debug_aranges
                0x00000b70       0x40 ./drivers/fsl_gpio.o
 .debug_aranges
                0x00000bb0      0x178 ./drivers/fsl_i2c.o
 .debug_aranges
                0x00000d28      0x118 ./drivers/fsl_lpsci.o
 .debug_aranges
                0x00000e40      0x130 ./drivers/fsl_spi.o
 .debug_aranges
                0x00000f70      0x130 ./drivers/fsl_uart.o
 .debug_aranges
                0x000010a0       0x28 ./board/board.o
 .debug_aranges
                0x000010c8       0x50 ./board/clock_config.o
 .debug_aranges
                0x00001118       0x30 ./board/pin_mux.o
 .debug_aranges
                0x00001148       0x28 ./CMSIS/system_MKL25Z4.o

.debug_ranges   0x00000000      0xfc8
 .debug_ranges  0x00000000       0x48 ./utilities/fsl_debug_console.o
 .debug_ranges  0x00000048      0x150 ./startup/startup_mkl25z4.o
 .debug_ranges  0x00000198       0x88 ./source/tasks/task_charger.o
 .debug_ranges  0x00000220       0x38 ./source/tasks/task_heartbeat.o
 .debug_ranges  0x00000258       0x68 ./source/tasks/task_magnetometer.o
 .debug_ranges  0x000002c0       0x10 ./source/freertos_hello.o
 .debug_ranges  0x000002d0       0x10 ./freertos/fsl_tickless_lptmr.o
 .debug_ranges  0x000002e0       0x40 ./freertos/heap_4.o
 .debug_ranges  0x00000320       0x30 ./freertos/list.o
 .debug_ranges  0x00000350       0x70 ./freertos/port.o
 .debug_ranges  0x000003c0      0x108 ./freertos/queue.o
 .debug_ranges  0x000004c8      0x1d8 ./freertos/tasks.o
 .debug_ranges  0x000006a0       0xb8 ./freertos/timers.o
 .debug_ranges  0x00000758       0x78 ./drivers/fsl_adc16.o
 .debug_ranges  0x000007d0      0x1c8 ./drivers/fsl_clock.o
 .debug_ranges  0x00000998       0xc0 ./drivers/fsl_dma.o
 .debug_ranges  0x00000a58       0x30 ./drivers/fsl_gpio.o
 .debug_ranges  0x00000a88      0x168 ./drivers/fsl_i2c.o
 .debug_ranges  0x00000bf0      0x108 ./drivers/fsl_lpsci.o
 .debug_ranges  0x00000cf8      0x120 ./drivers/fsl_spi.o
 .debug_ranges  0x00000e18      0x120 ./drivers/fsl_uart.o
 .debug_ranges  0x00000f38       0x18 ./board/board.o
 .debug_ranges  0x00000f50       0x40 ./board/clock_config.o
 .debug_ranges  0x00000f90       0x20 ./board/pin_mux.o
 .debug_ranges  0x00000fb0       0x18 ./CMSIS/system_MKL25Z4.o

.debug_line     0x00000000     0x61f4
 .debug_line    0x00000000      0x2e1 ./utilities/fsl_debug_console.o
 .debug_line    0x000002e1      0x128 ./startup/startup_mkl25z4.o
 .debug_line    0x00000409      0x3ee ./source/tasks/task_charger.o
 .debug_line    0x000007f7      0x2a6 ./source/tasks/task_heartbeat.o
 .debug_line    0x00000a9d      0x4a1 ./source/tasks/task_magnetometer.o
 .debug_line    0x00000f3e      0x11a ./source/freertos_hello.o
 .debug_line    0x00001058       0x30 ./source/mtb.o
 .debug_line    0x00001088       0xab ./freertos/fsl_tickless_lptmr.o
 .debug_line    0x00001133      0x1ee ./freertos/heap_4.o
 .debug_line    0x00001321      0x117 ./freertos/list.o
 .debug_line    0x00001438      0x1ba ./freertos/port.o
 .debug_line    0x000015f2      0x722 ./freertos/queue.o
 .debug_line    0x00001d14      0xc35 ./freertos/tasks.o
 .debug_line    0x00002949      0x39b ./freertos/timers.o
 .debug_line    0x00002ce4      0x2e7 ./drivers/fsl_adc16.o
 .debug_line    0x00002fcb      0x8bd ./drivers/fsl_clock.o
 .debug_line    0x00003888      0x426 ./drivers/fsl_dma.o
 .debug_line    0x00003cae      0x1ae ./drivers/fsl_gpio.o
 .debug_line    0x00003e5c      0x975 ./drivers/fsl_i2c.o
 .debug_line    0x000047d1      0x6c4 ./drivers/fsl_lpsci.o
 .debug_line    0x00004e95      0x622 ./drivers/fsl_spi.o
 .debug_line    0x000054b7      0x6c7 ./drivers/fsl_uart.o
 .debug_line    0x00005b7e      0x197 ./board/board.o
 .debug_line    0x00005d15      0x231 ./board/clock_config.o
 .debug_line    0x00005f46      0x1c1 ./board/pin_mux.o
 .debug_line    0x00006107       0xed ./CMSIS/system_MKL25Z4.o

.debug_str      0x00000000     0x7c8b
 .debug_str     0x00000000      0xa21 ./utilities/fsl_debug_console.o
                                0xab1 (size before relaxing)
 .debug_str     0x00000a21      0x380 ./startup/startup_mkl25z4.o
                                0x4cd (size before relaxing)
 .debug_str     0x00000da1      0xbc4 ./source/tasks/task_charger.o
                               0x1276 (size before relaxing)
 .debug_str     0x00001965       0x4b ./source/tasks/task_heartbeat.o
                                0x57f (size before relaxing)
 .debug_str     0x000019b0      0x708 ./source/tasks/task_magnetometer.o
                               0x124a (size before relaxing)
 .debug_str     0x000020b8       0x20 ./source/freertos_hello.o
                                0x20c (size before relaxing)
 .debug_str     0x000020d8       0x1f ./source/mtb.o
                                0x15e (size before relaxing)
 .debug_str     0x000020f7       0x48 ./freertos/fsl_tickless_lptmr.o
                                0x226 (size before relaxing)
 .debug_str     0x0000213f      0x1d3 ./freertos/heap_4.o
                                0x3ac (size before relaxing)
 .debug_str     0x00002312      0x131 ./freertos/list.o
                                0x320 (size before relaxing)
 .debug_str     0x00002443      0x130 ./freertos/port.o
                                0x352 (size before relaxing)
 .debug_str     0x00002573      0x565 ./freertos/queue.o
                                0x842 (size before relaxing)
 .debug_str     0x00002ad8      0xbec ./freertos/tasks.o
                                0xfc0 (size before relaxing)
 .debug_str     0x000036c4      0x4dd ./freertos/timers.o
                                0x802 (size before relaxing)
 .debug_str     0x00003ba1      0x3db ./drivers/fsl_adc16.o
                               0x1224 (size before relaxing)
 .debug_str     0x00003f7c      0xdbf ./drivers/fsl_clock.o
                               0x17c6 (size before relaxing)
 .debug_str     0x00004d3b      0x94a ./drivers/fsl_dma.o
                               0x1258 (size before relaxing)
 .debug_str     0x00005685       0x8d ./drivers/fsl_gpio.o
                                0x7ed (size before relaxing)
 .debug_str     0x00005712      0x953 ./drivers/fsl_i2c.o
                               0x174f (size before relaxing)
 .debug_str     0x00006065      0x926 ./drivers/fsl_lpsci.o
                               0x158e (size before relaxing)
 .debug_str     0x0000698b      0x75f ./drivers/fsl_spi.o
                               0x133e (size before relaxing)
 .debug_str     0x000070ea      0x819 ./drivers/fsl_uart.o
                               0x159a (size before relaxing)
 .debug_str     0x00007903       0x4c ./board/board.o
                                0x31c (size before relaxing)
 .debug_str     0x0000794f      0x2d3 ./board/clock_config.o
                                0xda8 (size before relaxing)
 .debug_str     0x00007c22       0x22 ./board/pin_mux.o
                                0x5a3 (size before relaxing)
 .debug_str     0x00007c44       0x47 ./CMSIS/system_MKL25Z4.o
                                0x317 (size before relaxing)

.comment        0x00000000       0x6e
 .comment       0x00000000       0x6e ./utilities/fsl_debug_console.o
                                 0x6f (size before relaxing)
 .comment       0x0000006e       0x6f ./startup/startup_mkl25z4.o
 .comment       0x0000006e       0x6f ./source/tasks/task_charger.o
 .comment       0x0000006e       0x6f ./source/tasks/task_heartbeat.o
 .comment       0x0000006e       0x6f ./source/tasks/task_magnetometer.o
 .comment       0x0000006e       0x6f ./source/freertos_hello.o
 .comment       0x0000006e       0x6f ./source/mtb.o
 .comment       0x0000006e       0x6f ./freertos/fsl_tickless_lptmr.o
 .comment       0x0000006e       0x6f ./freertos/heap_4.o
 .comment       0x0000006e       0x6f ./freertos/list.o
 .comment       0x0000006e       0x6f ./freertos/port.o
 .comment       0x0000006e       0x6f ./freertos/queue.o
 .comment       0x0000006e       0x6f ./freertos/tasks.o
 .comment       0x0000006e       0x6f ./freertos/timers.o
 .comment       0x0000006e       0x6f ./drivers/fsl_adc16.o
 .comment       0x0000006e       0x6f ./drivers/fsl_clock.o
 .comment       0x0000006e       0x6f ./drivers/fsl_dma.o
 .comment       0x0000006e       0x6f ./drivers/fsl_gpio.o
 .comment       0x0000006e       0x6f ./drivers/fsl_i2c.o
 .comment       0x0000006e       0x6f ./drivers/fsl_lpsci.o
 .comment       0x0000006e       0x6f ./drivers/fsl_spi.o
 .comment       0x0000006e       0x6f ./drivers/fsl_uart.o
 .comment       0x0000006e       0x6f ./board/board.o
 .comment       0x0000006e       0x6f ./board/clock_config.o
 .comment       0x0000006e       0x6f ./board/pin_mux.o
 .comment       0x0000006e       0x6f ./CMSIS/system_MKL25Z4.o
 .comment       0x0000006e       0x6f c:/nxp/mcuxpressoide_10.0.0_344/ide/tools/bin/../lib/gcc/arm-none-eabi/5.4.1/../../../../arm-none-eabi/lib/armv6-m\libcr_semihost_nf.a(_cr__main.o)
 .comment       0x0000006e       0x6f c:/nxp/mcuxpressoide_10.0.0_344/ide/tools/bin/../lib/gcc/arm-none-eabi/5.4.1/../../../../arm-none-eabi/lib/armv6-m\libcr_semihost_nf.a(_cr_assert.o)
 .comment       0x0000006e       0x6f c:/nxp/mcuxpressoide_10.0.0_344/ide/tools/bin/../lib/gcc/arm-none-eabi/5.4.1/../../../../arm-none-eabi/lib/armv6-m\libcr_semihost_nf.a(__ciob.o)
 .comment       0x0000006e       0x6f c:/nxp/mcuxpressoide_10.0.0_344/ide/tools/bin/../lib/gcc/arm-none-eabi/5.4.1/../../../../arm-none-eabi/lib/armv6-m\libcr_c.a(memcpy.o)
 .comment       0x0000006e       0x6f c:/nxp/mcuxpressoide_10.0.0_344/ide/tools/bin/../lib/gcc/arm-none-eabi/5.4.1/../../../../arm-none-eabi/lib/armv6-m\libcr_c.a(memset.o)
 .comment       0x0000006e       0x6f c:/nxp/mcuxpressoide_10.0.0_344/ide/tools/bin/../lib/gcc/arm-none-eabi/5.4.1/../../../../arm-none-eabi/lib/armv6-m\libcr_c.a(_deferredlazyseek.o)
 .comment       0x0000006e       0x6f c:/nxp/mcuxpressoide_10.0.0_344/ide/tools/bin/../lib/gcc/arm-none-eabi/5.4.1/../../../../arm-none-eabi/lib/armv6-m\libcr_c.a(_fflush.o)
 .comment       0x0000006e       0x6f c:/nxp/mcuxpressoide_10.0.0_344/ide/tools/bin/../lib/gcc/arm-none-eabi/5.4.1/../../../../arm-none-eabi/lib/armv6-m\libcr_c.a(_writebuf.o)
 .comment       0x0000006e       0x6f c:/nxp/mcuxpressoide_10.0.0_344/ide/tools/bin/../lib/gcc/arm-none-eabi/5.4.1/../../../../arm-none-eabi/lib/armv6-m\libcr_c.a(alloc.o)
 .comment       0x0000006e       0x6f c:/nxp/mcuxpressoide_10.0.0_344/ide/tools/bin/../lib/gcc/arm-none-eabi/5.4.1/../../../../arm-none-eabi/lib/armv6-m\libcr_c.a(fputs.o)
 .comment       0x0000006e       0x6f c:/nxp/mcuxpressoide_10.0.0_344/ide/tools/bin/../lib/gcc/arm-none-eabi/5.4.1/../../../../arm-none-eabi/lib/armv6-m\libcr_c.a(fseek.o)
 .comment       0x0000006e       0x6f c:/nxp/mcuxpressoide_10.0.0_344/ide/tools/bin/../lib/gcc/arm-none-eabi/5.4.1/../../../../arm-none-eabi/lib/armv6-m\libcr_c.a(ftell.o)
 .comment       0x0000006e       0x6f c:/nxp/mcuxpressoide_10.0.0_344/ide/tools/bin/../lib/gcc/arm-none-eabi/5.4.1/../../../../arm-none-eabi/lib/armv6-m\libcr_c.a(initio.o)
 .comment       0x0000006e       0x6f c:/nxp/mcuxpressoide_10.0.0_344/ide/tools/bin/../lib/gcc/arm-none-eabi/5.4.1/../../../../arm-none-eabi/lib/armv6-m\libcr_c.a(setvbuf.o)
 .comment       0x0000006e       0x6f c:/nxp/mcuxpressoide_10.0.0_344/ide/tools/bin/../lib/gcc/arm-none-eabi/5.4.1/../../../../arm-none-eabi/lib/armv6-m\libcr_c.a(__init_alloc.o)
 .comment       0x0000006e       0x6f c:/nxp/mcuxpressoide_10.0.0_344/ide/tools/bin/../lib/gcc/arm-none-eabi/5.4.1/../../../../arm-none-eabi/lib/armv6-m\libcr_c.a(_cr_sbrk.o)
 .comment       0x0000006e       0x6f c:/nxp/mcuxpressoide_10.0.0_344/ide/tools/bin/../lib/gcc/arm-none-eabi/5.4.1/../../../../arm-none-eabi/lib/armv6-m\libcr_c.a(_fdopen.o)
 .comment       0x0000006e       0x6f c:/nxp/mcuxpressoide_10.0.0_344/ide/tools/bin/../lib/gcc/arm-none-eabi/5.4.1/../../../../arm-none-eabi/lib/armv6-m\libcr_c.a(errno.o)
 .comment       0x0000006e       0x6f c:/nxp/mcuxpressoide_10.0.0_344/ide/tools/bin/../lib/gcc/arm-none-eabi/5.4.1/../../../../arm-none-eabi/lib/armv6-m\libcr_c.a(fclose.o)
 .comment       0x0000006e       0x6f c:/nxp/mcuxpressoide_10.0.0_344/ide/tools/bin/../lib/gcc/arm-none-eabi/5.4.1/../../../../arm-none-eabi/lib/armv6-m\libcr_c.a(fflush.o)
 .comment       0x0000006e       0x6f c:/nxp/mcuxpressoide_10.0.0_344/ide/tools/bin/../lib/gcc/arm-none-eabi/5.4.1/../../../../arm-none-eabi/lib/armv6-m\libcr_c.a(remove.o)
 .comment       0x0000006e       0x6f c:/nxp/mcuxpressoide_10.0.0_344/ide/tools/bin/../lib/gcc/arm-none-eabi/5.4.1/../../../../arm-none-eabi/lib/armv6-m\libcr_c.a(strlen.o)
 .comment       0x0000006e       0x6f c:/nxp/mcuxpressoide_10.0.0_344/ide/tools/bin/../lib/gcc/arm-none-eabi/5.4.1/../../../../arm-none-eabi/lib/armv6-m\libcr_c.a(_cr_check_heap.o)
 .comment       0x0000006e       0x6f c:/nxp/mcuxpressoide_10.0.0_344/ide/tools/bin/../lib/gcc/arm-none-eabi/5.4.1/../../../../arm-none-eabi/lib/armv6-m\libcr_c.a(_do_fflush.o)
 .comment       0x0000006e       0x6f c:/nxp/mcuxpressoide_10.0.0_344/ide/tools/bin/../lib/gcc/arm-none-eabi/5.4.1/armv6-m\libcr_eabihelpers.a(float.o)

.ARM.attributes
                0x00000000       0x30
 .ARM.attributes
                0x00000000       0x32 ./utilities/fsl_debug_console.o
 .ARM.attributes
                0x00000032       0x32 ./startup/startup_mkl25z4.o
 .ARM.attributes
                0x00000064       0x32 ./source/tasks/task_charger.o
 .ARM.attributes
                0x00000096       0x32 ./source/tasks/task_heartbeat.o
 .ARM.attributes
                0x000000c8       0x32 ./source/tasks/task_magnetometer.o
 .ARM.attributes
                0x000000fa       0x32 ./source/freertos_hello.o
 .ARM.attributes
                0x0000012c       0x32 ./source/mtb.o
 .ARM.attributes
                0x0000015e       0x32 ./freertos/fsl_tickless_lptmr.o
 .ARM.attributes
                0x00000190       0x32 ./freertos/heap_4.o
 .ARM.attributes
                0x000001c2       0x32 ./freertos/list.o
 .ARM.attributes
                0x000001f4       0x32 ./freertos/port.o
 .ARM.attributes
                0x00000226       0x32 ./freertos/queue.o
 .ARM.attributes
                0x00000258       0x32 ./freertos/tasks.o
 .ARM.attributes
                0x0000028a       0x32 ./freertos/timers.o
 .ARM.attributes
                0x000002bc       0x32 ./drivers/fsl_adc16.o
 .ARM.attributes
                0x000002ee       0x32 ./drivers/fsl_clock.o
 .ARM.attributes
                0x00000320       0x32 ./drivers/fsl_dma.o
 .ARM.attributes
                0x00000352       0x32 ./drivers/fsl_gpio.o
 .ARM.attributes
                0x00000384       0x32 ./drivers/fsl_i2c.o
 .ARM.attributes
                0x000003b6       0x32 ./drivers/fsl_lpsci.o
 .ARM.attributes
                0x000003e8       0x32 ./drivers/fsl_spi.o
 .ARM.attributes
                0x0000041a       0x32 ./drivers/fsl_uart.o
 .ARM.attributes
                0x0000044c       0x32 ./board/board.o
 .ARM.attributes
                0x0000047e       0x32 ./board/clock_config.o
 .ARM.attributes
                0x000004b0       0x32 ./board/pin_mux.o
 .ARM.attributes
                0x000004e2       0x32 ./CMSIS/system_MKL25Z4.o
 .ARM.attributes
                0x00000514       0x31 c:/nxp/mcuxpressoide_10.0.0_344/ide/tools/bin/../lib/gcc/arm-none-eabi/5.4.1/../../../../arm-none-eabi/lib/armv6-m\libcr_semihost_nf.a(_cr__main.o)
 .ARM.attributes
                0x00000545       0x31 c:/nxp/mcuxpressoide_10.0.0_344/ide/tools/bin/../lib/gcc/arm-none-eabi/5.4.1/../../../../arm-none-eabi/lib/armv6-m\libcr_semihost_nf.a(_cr_assert.o)
 .ARM.attributes
                0x00000576       0x31 c:/nxp/mcuxpressoide_10.0.0_344/ide/tools/bin/../lib/gcc/arm-none-eabi/5.4.1/../../../../arm-none-eabi/lib/armv6-m\libcr_semihost_nf.a(__ciob.o)
 .ARM.attributes
                0x000005a7       0x21 c:/nxp/mcuxpressoide_10.0.0_344/ide/tools/bin/../lib/gcc/arm-none-eabi/5.4.1/../../../../arm-none-eabi/lib/armv6-m\libcr_semihost_nf.a(__sys_appexit.o)
 .ARM.attributes
                0x000005c8       0x31 c:/nxp/mcuxpressoide_10.0.0_344/ide/tools/bin/../lib/gcc/arm-none-eabi/5.4.1/../../../../arm-none-eabi/lib/armv6-m\libcr_c.a(memcpy.o)
 .ARM.attributes
                0x000005f9       0x31 c:/nxp/mcuxpressoide_10.0.0_344/ide/tools/bin/../lib/gcc/arm-none-eabi/5.4.1/../../../../arm-none-eabi/lib/armv6-m\libcr_c.a(memset.o)
 .ARM.attributes
                0x0000062a       0x31 c:/nxp/mcuxpressoide_10.0.0_344/ide/tools/bin/../lib/gcc/arm-none-eabi/5.4.1/../../../../arm-none-eabi/lib/armv6-m\libcr_c.a(_deferredlazyseek.o)
 .ARM.attributes
                0x0000065b       0x31 c:/nxp/mcuxpressoide_10.0.0_344/ide/tools/bin/../lib/gcc/arm-none-eabi/5.4.1/../../../../arm-none-eabi/lib/armv6-m\libcr_c.a(_fflush.o)
 .ARM.attributes
                0x0000068c       0x31 c:/nxp/mcuxpressoide_10.0.0_344/ide/tools/bin/../lib/gcc/arm-none-eabi/5.4.1/../../../../arm-none-eabi/lib/armv6-m\libcr_c.a(_writebuf.o)
 .ARM.attributes
                0x000006bd       0x31 c:/nxp/mcuxpressoide_10.0.0_344/ide/tools/bin/../lib/gcc/arm-none-eabi/5.4.1/../../../../arm-none-eabi/lib/armv6-m\libcr_c.a(alloc.o)
 .ARM.attributes
                0x000006ee       0x31 c:/nxp/mcuxpressoide_10.0.0_344/ide/tools/bin/../lib/gcc/arm-none-eabi/5.4.1/../../../../arm-none-eabi/lib/armv6-m\libcr_c.a(fputs.o)
 .ARM.attributes
                0x0000071f       0x31 c:/nxp/mcuxpressoide_10.0.0_344/ide/tools/bin/../lib/gcc/arm-none-eabi/5.4.1/../../../../arm-none-eabi/lib/armv6-m\libcr_c.a(fseek.o)
 .ARM.attributes
                0x00000750       0x31 c:/nxp/mcuxpressoide_10.0.0_344/ide/tools/bin/../lib/gcc/arm-none-eabi/5.4.1/../../../../arm-none-eabi/lib/armv6-m\libcr_c.a(ftell.o)
 .ARM.attributes
                0x00000781       0x31 c:/nxp/mcuxpressoide_10.0.0_344/ide/tools/bin/../lib/gcc/arm-none-eabi/5.4.1/../../../../arm-none-eabi/lib/armv6-m\libcr_c.a(initio.o)
 .ARM.attributes
                0x000007b2       0x31 c:/nxp/mcuxpressoide_10.0.0_344/ide/tools/bin/../lib/gcc/arm-none-eabi/5.4.1/../../../../arm-none-eabi/lib/armv6-m\libcr_c.a(setvbuf.o)
 .ARM.attributes
                0x000007e3       0x31 c:/nxp/mcuxpressoide_10.0.0_344/ide/tools/bin/../lib/gcc/arm-none-eabi/5.4.1/../../../../arm-none-eabi/lib/armv6-m\libcr_c.a(__init_alloc.o)
 .ARM.attributes
                0x00000814       0x31 c:/nxp/mcuxpressoide_10.0.0_344/ide/tools/bin/../lib/gcc/arm-none-eabi/5.4.1/../../../../arm-none-eabi/lib/armv6-m\libcr_c.a(_cr_sbrk.o)
 .ARM.attributes
                0x00000845       0x31 c:/nxp/mcuxpressoide_10.0.0_344/ide/tools/bin/../lib/gcc/arm-none-eabi/5.4.1/../../../../arm-none-eabi/lib/armv6-m\libcr_c.a(_fdopen.o)
 .ARM.attributes
                0x00000876       0x31 c:/nxp/mcuxpressoide_10.0.0_344/ide/tools/bin/../lib/gcc/arm-none-eabi/5.4.1/../../../../arm-none-eabi/lib/armv6-m\libcr_c.a(errno.o)
 .ARM.attributes
                0x000008a7       0x31 c:/nxp/mcuxpressoide_10.0.0_344/ide/tools/bin/../lib/gcc/arm-none-eabi/5.4.1/../../../../arm-none-eabi/lib/armv6-m\libcr_c.a(fclose.o)
 .ARM.attributes
                0x000008d8       0x31 c:/nxp/mcuxpressoide_10.0.0_344/ide/tools/bin/../lib/gcc/arm-none-eabi/5.4.1/../../../../arm-none-eabi/lib/armv6-m\libcr_c.a(fflush.o)
 .ARM.attributes
                0x00000909       0x31 c:/nxp/mcuxpressoide_10.0.0_344/ide/tools/bin/../lib/gcc/arm-none-eabi/5.4.1/../../../../arm-none-eabi/lib/armv6-m\libcr_c.a(remove.o)
 .ARM.attributes
                0x0000093a       0x31 c:/nxp/mcuxpressoide_10.0.0_344/ide/tools/bin/../lib/gcc/arm-none-eabi/5.4.1/../../../../arm-none-eabi/lib/armv6-m\libcr_c.a(strlen.o)
 .ARM.attributes
                0x0000096b       0x31 c:/nxp/mcuxpressoide_10.0.0_344/ide/tools/bin/../lib/gcc/arm-none-eabi/5.4.1/../../../../arm-none-eabi/lib/armv6-m\libcr_c.a(_cr_check_heap.o)
 .ARM.attributes
                0x0000099c       0x31 c:/nxp/mcuxpressoide_10.0.0_344/ide/tools/bin/../lib/gcc/arm-none-eabi/5.4.1/../../../../arm-none-eabi/lib/armv6-m\libcr_c.a(_do_fflush.o)
 .ARM.attributes
                0x000009cd       0x21 c:/nxp/mcuxpressoide_10.0.0_344/ide/tools/bin/../lib/gcc/arm-none-eabi/5.4.1/armv6-m\libcr_eabihelpers.a(division_32.o)
 .ARM.attributes
                0x000009ee       0x21 c:/nxp/mcuxpressoide_10.0.0_344/ide/tools/bin/../lib/gcc/arm-none-eabi/5.4.1/armv6-m\libcr_eabihelpers.a(division_idiv0.o)
 .ARM.attributes
                0x00000a0f       0x31 c:/nxp/mcuxpressoide_10.0.0_344/ide/tools/bin/../lib/gcc/arm-none-eabi/5.4.1/armv6-m\libcr_eabihelpers.a(float.o)
 .ARM.attributes
                0x00000a40       0x21 c:/nxp/mcuxpressoide_10.0.0_344/ide/tools/bin/../lib/gcc/arm-none-eabi/5.4.1/armv6-m\libcr_eabihelpers.a(memcpy.o)
 .ARM.attributes
                0x00000a61       0x21 c:/nxp/mcuxpressoide_10.0.0_344/ide/tools/bin/../lib/gcc/arm-none-eabi/5.4.1/../../../../arm-none-eabi/lib/armv6-m\libcr_semihost_nf.a(__sys_close.o)
 .ARM.attributes
                0x00000a82       0x21 c:/nxp/mcuxpressoide_10.0.0_344/ide/tools/bin/../lib/gcc/arm-none-eabi/5.4.1/../../../../arm-none-eabi/lib/armv6-m\libcr_semihost_nf.a(__sys_flen.o)
 .ARM.attributes
                0x00000aa3       0x21 c:/nxp/mcuxpressoide_10.0.0_344/ide/tools/bin/../lib/gcc/arm-none-eabi/5.4.1/../../../../arm-none-eabi/lib/armv6-m\libcr_semihost_nf.a(__sys_istty.o)
 .ARM.attributes
                0x00000ac4       0x21 c:/nxp/mcuxpressoide_10.0.0_344/ide/tools/bin/../lib/gcc/arm-none-eabi/5.4.1/../../../../arm-none-eabi/lib/armv6-m\libcr_semihost_nf.a(__sys_remove.o)
 .ARM.attributes
                0x00000ae5       0x21 c:/nxp/mcuxpressoide_10.0.0_344/ide/tools/bin/../lib/gcc/arm-none-eabi/5.4.1/../../../../arm-none-eabi/lib/armv6-m\libcr_semihost_nf.a(__sys_seek.o)
 .ARM.attributes
                0x00000b06       0x21 c:/nxp/mcuxpressoide_10.0.0_344/ide/tools/bin/../lib/gcc/arm-none-eabi/5.4.1/../../../../arm-none-eabi/lib/armv6-m\libcr_semihost_nf.a(__sys_tmpnam.o)

.debug_frame    0x00000000     0x3b0c
 .debug_frame   0x00000000      0x10c ./utilities/fsl_debug_console.o
 .debug_frame   0x0000010c      0x3b0 ./startup/startup_mkl25z4.o
 .debug_frame   0x000004bc      0x210 ./source/tasks/task_charger.o
 .debug_frame   0x000006cc       0xcc ./source/tasks/task_heartbeat.o
 .debug_frame   0x00000798      0x18c ./source/tasks/task_magnetometer.o
 .debug_frame   0x00000924       0x30 ./source/freertos_hello.o
 .debug_frame   0x00000954       0x30 ./freertos/fsl_tickless_lptmr.o
 .debug_frame   0x00000984       0xe4 ./freertos/heap_4.o
 .debug_frame   0x00000a68       0xb0 ./freertos/list.o
 .debug_frame   0x00000b18      0x154 ./freertos/port.o
 .debug_frame   0x00000c6c      0x410 ./freertos/queue.o
 .debug_frame   0x0000107c      0x73c ./freertos/tasks.o
 .debug_frame   0x000017b8      0x2c8 ./freertos/timers.o
 .debug_frame   0x00001a80      0x1d0 ./drivers/fsl_adc16.o
 .debug_frame   0x00001c50      0x6dc ./drivers/fsl_clock.o
 .debug_frame   0x0000232c      0x2e0 ./drivers/fsl_dma.o
 .debug_frame   0x0000260c       0xb0 ./drivers/fsl_gpio.o
 .debug_frame   0x000026bc      0x588 ./drivers/fsl_i2c.o
 .debug_frame   0x00002c44      0x410 ./drivers/fsl_lpsci.o
 .debug_frame   0x00003054      0x468 ./drivers/fsl_spi.o
 .debug_frame   0x000034bc      0x464 ./drivers/fsl_uart.o
 .debug_frame   0x00003920       0x50 ./board/board.o
 .debug_frame   0x00003970       0xe4 ./board/clock_config.o
 .debug_frame   0x00003a54       0x6c ./board/pin_mux.o
 .debug_frame   0x00003ac0       0x4c ./CMSIS/system_MKL25Z4.o
